Group descriptor size:    64
Reserved GDT blocks:      1024
Blocks per group:         32768
Fragments per group:      32768
Inodes per group:         8192
--
Group 0: (Blocks 0-32767) csum 0xe818 [ITABLE_ZEROED]
  Primary superblock at 0, Group descriptors at 1-16
  Reserved GDT blocks at 17-1040
  Block bitmap at 1041 (+1041), csum 0x8d107b53
  Inode bitmap at 1057 (+1057), csum 0x7dd4775c
  Inode table at 1073-1584 (+1073)
--
Group 1: (Blocks 32768-65535) csum 0x26a3 [ITABLE_ZEROED]
  Backup superblock at 32768, Group descriptors at 32769-32784
  Reserved GDT blocks at 32785-33808
  Block bitmap at 1042 (bg #0 + 1042), csum 0x2c6898a5
  Inode bitmap at 1058 (bg #0 + 1058), csum 0x9630907d
  Inode table at 1585-2096 (bg #0 + 1585)
--
Group 2: (Blocks 65536-98303) csum 0x43ba [ITABLE_ZEROED]
  Block bitmap at 1043 (bg #0 + 1043), csum 0x8a0daa46
  Inode bitmap at 1059 (bg #0 + 1059), csum 0xdbd975dc
  Inode table at 2097-2608 (bg #0 + 2097)
  26933 free blocks, 5919 free inodes, 2273 directories
--
Group 3: (Blocks 98304-131071) csum 0xae1d [ITABLE_ZEROED]
  Backup superblock at 98304, Group descriptors at 98305-98320
  Reserved GDT blocks at 98321-99344
  Block bitmap at 1044 (bg #0 + 1044), csum 0x184c141c
  Inode bitmap at 1060 (bg #0 + 1060), csum 0x3e05bb62
  Inode table at 2609-3120 (bg #0 + 2609)
--
Group 4: (Blocks 131072-163839) csum 0x6ec5 [ITABLE_ZEROED]
  Block bitmap at 1045 (bg #0 + 1045), csum 0x8aa8f9d9
  Inode bitmap at 1061 (bg #0 + 1061), csum 0x5b72ca50
  Inode table at 3121-3632 (bg #0 + 3121)
  30395 free blocks, 4429 free inodes, 3763 directories
--
Group 5: (Blocks 163840-196607) csum 0xd721 [ITABLE_ZEROED]
  Backup superblock at 163840, Group descriptors at 163841-163856
  Reserved GDT blocks at 163857-164880
  Block bitmap at 1046 (bg #0 + 1046), csum 0x9ed2ca24
  Inode bitmap at 1062 (bg #0 + 1062), csum 0x7ec60eb0
  Inode table at 3633-4144 (bg #0 + 3633)
--
Group 6: (Blocks 196608-229375) csum 0x4891 [ITABLE_ZEROED]
  Block bitmap at 1047 (bg #0 + 1047), csum 0x6a7c1a59
  Inode bitmap at 1063 (bg #0 + 1063), csum 0x4289f82e
  Inode table at 4145-4656 (bg #0 + 4145)
  32768 free blocks, 6984 free inodes, 1208 directories, 300 unused inodes
--
Group 7: (Blocks 229376-262143) csum 0x1800 [ITABLE_ZEROED]
  Backup superblock at 229376, Group descriptors at 229377-229392
  Reserved GDT blocks at 229393-230416
  Block bitmap at 1048 (bg #0 + 1048), csum 0x9ed2ca24
  Inode bitmap at 1064 (bg #0 + 1064), csum 0xccef9b6e
  Inode table at 4657-5168 (bg #0 + 4657)
--
Group 8: (Blocks 262144-294911) csum 0x5479 [ITABLE_ZEROED]
  Block bitmap at 1049 (bg #0 + 1049), csum 0x6a7c1a59
  Inode bitmap at 1065 (bg #0 + 1065), csum 0x48a24697
  Inode table at 5169-5680 (bg #0 + 5169)
  32768 free blocks, 7011 free inodes, 1181 directories, 300 unused inodes
--
Group 9: (Blocks 294912-327679) csum 0x1831 [ITABLE_ZEROED]
  Backup superblock at 294912, Group descriptors at 294913-294928
  Reserved GDT blocks at 294929-295952
  Block bitmap at 1050 (bg #0 + 1050), csum 0x9ed2ca24
  Inode bitmap at 1066 (bg #0 + 1066), csum 0x1795e96f
  Inode table at 5681-6192 (bg #0 + 5681)
--
Group 10: (Blocks 327680-360447) csum 0x7f88 [ITABLE_ZEROED]
  Block bitmap at 1051 (bg #0 + 1051), csum 0x6a7c1a59
  Inode bitmap at 1067 (bg #0 + 1067), csum 0xf4b9a63a
  Inode table at 6193-6704 (bg #0 + 6193)
  32768 free blocks, 7018 free inodes, 1174 directories, 301 unused inodes
--
Group 11: (Blocks 360448-393215) csum 0x449c [ITABLE_ZEROED]
  Block bitmap at 1052 (bg #0 + 1052), csum 0x6a7c1a59
  Inode bitmap at 1068 (bg #0 + 1068), csum 0x00e7e341
  Inode table at 6705-7216 (bg #0 + 6705)
  32768 free blocks, 6981 free inodes, 1211 directories, 301 unused inodes
--
Group 12: (Blocks 393216-425983) csum 0xbd15 [ITABLE_ZEROED]
  Block bitmap at 1053 (bg #0 + 1053), csum 0x6a7c1a59
  Inode bitmap at 1069 (bg #0 + 1069), csum 0x9749ed46
  Inode table at 7217-7728 (bg #0 + 7217)
  32768 free blocks, 6985 free inodes, 1207 directories, 301 unused inodes
--
Group 13: (Blocks 425984-458751) csum 0x832f [ITABLE_ZEROED]
  Block bitmap at 1054 (bg #0 + 1054), csum 0x6a7c1a59
  Inode bitmap at 1070 (bg #0 + 1070), csum 0x7606e860
  Inode table at 7729-8240 (bg #0 + 7729)
  32768 free blocks, 7047 free inodes, 1145 directories, 301 unused inodes
--
Group 14: (Blocks 458752-491519) csum 0x4007 [ITABLE_ZEROED]
  Block bitmap at 1055 (bg #0 + 1055), csum 0x6a7c1a59
  Inode bitmap at 1071 (bg #0 + 1071), csum 0x4cd9df85
  Inode table at 8241-8752 (bg #0 + 8241)
  32768 free blocks, 6980 free inodes, 1212 directories, 301 unused inodes
--
Group 15: (Blocks 491520-524287) csum 0xe7f5 [ITABLE_ZEROED]
  Block bitmap at 1056 (bg #0 + 1056), csum 0x6a7c1a59
  Inode bitmap at 1072 (bg #0 + 1072), csum 0x3df5d52c
  Inode table at 8753-9264 (bg #0 + 8753)
  32768 free blocks, 5985 free inodes, 2207 directories, 301 unused inodes
--
Group 16: (Blocks 524288-557055) csum 0x5d08 [ITABLE_ZEROED]
  Block bitmap at 524288 (+0), csum 0x14285858
  Inode bitmap at 524304 (+16), csum 0xac0eb74c
  Inode table at 524320-524831 (+32)
  17760 free blocks, 5160 free inodes, 3032 directories
--
Group 17: (Blocks 557056-589823) csum 0x0704 [ITABLE_ZEROED]
  Block bitmap at 524289 (bg #16 + 1), csum 0x6311fcff
  Inode bitmap at 524305 (bg #16 + 17), csum 0xac507d7b
  Inode table at 524832-525343 (bg #16 + 544)
  27918 free blocks, 6306 free inodes, 1886 directories
--
Group 18: (Blocks 589824-622591) csum 0xb7a5 [ITABLE_ZEROED]
  Block bitmap at 524290 (bg #16 + 2), csum 0x9cc5b6a6
  Inode bitmap at 524306 (bg #16 + 18), csum 0x250ac3c1
  Inode table at 525344-525855 (bg #16 + 1056)
  29191 free blocks, 6318 free inodes, 1874 directories
--
Group 19: (Blocks 622592-655359) csum 0x214d [ITABLE_ZEROED]
  Block bitmap at 524291 (bg #16 + 3), csum 0x31221592
  Inode bitmap at 524307 (bg #16 + 19), csum 0x29eca8bc
  Inode table at 525856-526367 (bg #16 + 1568)
  28541 free blocks, 5914 free inodes, 2278 directories
--
Group 20: (Blocks 655360-688127) csum 0x3e22 [ITABLE_ZEROED]
  Block bitmap at 524292 (bg #16 + 4), csum 0x4d2b7c76
  Inode bitmap at 524308 (bg #16 + 20), csum 0xa7e949d9
  Inode table at 526368-526879 (bg #16 + 2080)
  31006 free blocks, 4764 free inodes, 3428 directories
--
Group 21: (Blocks 688128-720895) csum 0x5db8 [ITABLE_ZEROED]
  Block bitmap at 524293 (bg #16 + 5), csum 0x6a7c1a59
  Inode bitmap at 524309 (bg #16 + 21), csum 0x7b1ec3dc
  Inode table at 526880-527391 (bg #16 + 2592)
  32768 free blocks, 6001 free inodes, 2191 directories
--
Group 22: (Blocks 720896-753663) csum 0x0633 [ITABLE_ZEROED]
  Block bitmap at 524294 (bg #16 + 6), csum 0x6a7c1a59
  Inode bitmap at 524310 (bg #16 + 22), csum 0x16bb9279
  Inode table at 527392-527903 (bg #16 + 3104)
  32768 free blocks, 6633 free inodes, 1559 directories
--
Group 23: (Blocks 753664-786431) csum 0x6777 [ITABLE_ZEROED]
  Block bitmap at 524295 (bg #16 + 7), csum 0x6a7c1a59
  Inode bitmap at 524311 (bg #16 + 23), csum 0x5a80b362
  Inode table at 527904-528415 (bg #16 + 3616)
  32768 free blocks, 7153 free inodes, 1039 directories
--
Group 24: (Blocks 786432-819199) csum 0xc151 [ITABLE_ZEROED]
  Block bitmap at 524296 (bg #16 + 8), csum 0x6a7c1a59
  Inode bitmap at 524312 (bg #16 + 24), csum 0x173d7a4a
  Inode table at 528416-528927 (bg #16 + 4128)
  32768 free blocks, 7501 free inodes, 691 directories
--
Group 25: (Blocks 819200-851967) csum 0xfdea [ITABLE_ZEROED]
  Backup superblock at 819200, Group descriptors at 819201-819216
  Reserved GDT blocks at 819217-820240
  Block bitmap at 524297 (bg #16 + 9), csum 0x9ed2ca24
  Inode bitmap at 524313 (bg #16 + 25), csum 0xc0f4ae74
  Inode table at 528928-529439 (bg #16 + 4640)
--
Group 26: (Blocks 851968-884735) csum 0xa186 [ITABLE_ZEROED]
  Block bitmap at 524298 (bg #16 + 10), csum 0x6a7c1a59
  Inode bitmap at 524314 (bg #16 + 26), csum 0x093f56b7
  Inode table at 529440-529951 (bg #16 + 5152)
  32768 free blocks, 8190 free inodes, 2 directories, 301 unused inodes
--
Group 27: (Blocks 884736-917503) csum 0x1a81 [ITABLE_ZEROED]
  Backup superblock at 884736, Group descriptors at 884737-884752
  Reserved GDT blocks at 884753-885776
  Block bitmap at 524299 (bg #16 + 11), csum 0x9ed2ca24
  Inode bitmap at 524315 (bg #16 + 27), csum 0x36a7ca99
  Inode table at 529952-530463 (bg #16 + 5664)
--
Group 28: (Blocks 917504-950271) csum 0x7333 [ITABLE_ZEROED]
  Block bitmap at 524300 (bg #16 + 12), csum 0x6a7c1a59
  Inode bitmap at 524316 (bg #16 + 28), csum 0x7609de8b
  Inode table at 530464-530975 (bg #16 + 6176)
  32768 free blocks, 8187 free inodes, 5 directories, 301 unused inodes
--
Group 29: (Blocks 950272-983039) csum 0xc817 [ITABLE_ZEROED]
  Block bitmap at 524301 (bg #16 + 13), csum 0x6a7c1a59
  Inode bitmap at 524317 (bg #16 + 29), csum 0xe754f9d8
  Inode table at 530976-531487 (bg #16 + 6688)
  32768 free blocks, 8179 free inodes, 13 directories, 301 unused inodes
--
Group 30: (Blocks 983040-1015807) csum 0x5374 [ITABLE_ZEROED]
  Block bitmap at 524302 (bg #16 + 14), csum 0x6a7c1a59
  Inode bitmap at 524318 (bg #16 + 30), csum 0x9f2e4939
  Inode table at 531488-531999 (bg #16 + 7200)
  32768 free blocks, 8175 free inodes, 17 directories, 301 unused inodes
--
Group 31: (Blocks 1015808-1048575) csum 0xffdd [ITABLE_ZEROED]
  Block bitmap at 524303 (bg #16 + 15), csum 0x6a7c1a59
  Inode bitmap at 524319 (bg #16 + 31), csum 0x6b3df12b
  Inode table at 532000-532511 (bg #16 + 7712)
  32768 free blocks, 5397 free inodes, 2795 directories, 301 unused inodes
--
Group 32: (Blocks 1048576-1081343) csum 0x6237 [ITABLE_ZEROED]
  Block bitmap at 1048576 (+0), csum 0x61918c16
  Inode bitmap at 1048592 (+16), csum 0x641d2ce9
  Inode table at 1048608-1049119 (+32)
  17992 free blocks, 5347 free inodes, 2845 directories
--
Group 33: (Blocks 1081344-1114111) csum 0xd6cc [ITABLE_ZEROED]
  Block bitmap at 1048577 (bg #32 + 1), csum 0xf285905d
  Inode bitmap at 1048593 (bg #32 + 17), csum 0x2d2bc10b
  Inode table at 1049120-1049631 (bg #32 + 544)
  29015 free blocks, 6326 free inodes, 1866 directories
--
Group 34: (Blocks 1114112-1146879) csum 0xc948 [ITABLE_ZEROED]
  Block bitmap at 1048578 (bg #32 + 2), csum 0xac8008e7
  Inode bitmap at 1048594 (bg #32 + 18), csum 0x708a15c9
  Inode table at 1049632-1050143 (bg #32 + 1056)
  30724 free blocks, 6355 free inodes, 1837 directories
--
Group 35: (Blocks 1146880-1179647) csum 0x3230 [ITABLE_ZEROED]
  Block bitmap at 1048579 (bg #32 + 3), csum 0xaa67b184
  Inode bitmap at 1048595 (bg #32 + 19), csum 0x04a9b99f
  Inode table at 1050144-1050655 (bg #32 + 1568)
  29869 free blocks, 6092 free inodes, 2100 directories
--
Group 36: (Blocks 1179648-1212415) csum 0xda0e [ITABLE_ZEROED]
  Block bitmap at 1048580 (bg #32 + 4), csum 0xe42a03dc
  Inode bitmap at 1048596 (bg #32 + 20), csum 0x9fb80549
  Inode table at 1050656-1051167 (bg #32 + 2080)
  31604 free blocks, 4877 free inodes, 3315 directories
--
Group 37: (Blocks 1212416-1245183) csum 0x4b12 [ITABLE_ZEROED]
  Block bitmap at 1048581 (bg #32 + 5), csum 0x6a7c1a59
  Inode bitmap at 1048597 (bg #32 + 21), csum 0x64226ac3
  Inode table at 1051168-1051679 (bg #32 + 2592)
  32768 free blocks, 6665 free inodes, 1527 directories
--
Group 38: (Blocks 1245184-1277951) csum 0x305e [ITABLE_ZEROED]
  Block bitmap at 1048582 (bg #32 + 6), csum 0x6a7c1a59
  Inode bitmap at 1048598 (bg #32 + 22), csum 0x2e8c7865
  Inode table at 1051680-1052191 (bg #32 + 3104)
  32768 free blocks, 7447 free inodes, 745 directories
--
Group 39: (Blocks 1277952-1310719) csum 0x0610 [ITABLE_ZEROED]
  Block bitmap at 1048583 (bg #32 + 7), csum 0x6a7c1a59
  Inode bitmap at 1048599 (bg #32 + 23), csum 0xc965244e
  Inode table at 1052192-1052703 (bg #32 + 3616)
  32768 free blocks, 8172 free inodes, 20 directories, 301 unused inodes
--
Group 40: (Blocks 1310720-1343487) csum 0x2226 [ITABLE_ZEROED]
  Block bitmap at 1048584 (bg #32 + 8), csum 0x6a7c1a59
  Inode bitmap at 1048600 (bg #32 + 24), csum 0x02eda0c6
  Inode table at 1052704-1053215 (bg #32 + 4128)
  32768 free blocks, 8191 free inodes, 1 directories, 301 unused inodes
--
Group 41: (Blocks 1343488-1376255) csum 0xb674 [ITABLE_ZEROED]
  Block bitmap at 1048585 (bg #32 + 9), csum 0x6a7c1a59
  Inode bitmap at 1048601 (bg #32 + 25), csum 0xafe7c6e7
  Inode table at 1053216-1053727 (bg #32 + 4640)
  32768 free blocks, 8190 free inodes, 2 directories, 301 unused inodes
--
Group 42: (Blocks 1376256-1409023) csum 0x1d8b [ITABLE_ZEROED]
  Block bitmap at 1048586 (bg #32 + 10), csum 0x6a7c1a59
  Inode bitmap at 1048602 (bg #32 + 26), csum 0x51837b5e
  Inode table at 1053728-1054239 (bg #32 + 5152)
  32768 free blocks, 8187 free inodes, 5 directories, 301 unused inodes
--
Group 43: (Blocks 1409024-1441791) csum 0xd3e2 [ITABLE_ZEROED]
  Block bitmap at 1048587 (bg #32 + 11), csum 0x6a7c1a59
  Inode bitmap at 1048603 (bg #32 + 27), csum 0xc0fdc881
  Inode table at 1054240-1054751 (bg #32 + 5664)
  32768 free blocks, 8182 free inodes, 10 directories, 301 unused inodes
--
Group 44: (Blocks 1441792-1474559) csum 0xbc48 [ITABLE_ZEROED]
  Block bitmap at 1048588 (bg #32 + 12), csum 0x6a7c1a59
  Inode bitmap at 1048604 (bg #32 + 28), csum 0x449d0528
  Inode table at 1054752-1055263 (bg #32 + 6176)
  32768 free blocks, 8185 free inodes, 7 directories, 301 unused inodes
--
Group 45: (Blocks 1474560-1507327) csum 0x876e [ITABLE_ZEROED]
  Block bitmap at 1048589 (bg #32 + 13), csum 0x6a7c1a59
  Inode bitmap at 1048605 (bg #32 + 29), csum 0x556852cc
  Inode table at 1055264-1055775 (bg #32 + 6688)
  32768 free blocks, 8182 free inodes, 10 directories, 301 unused inodes
--
Group 46: (Blocks 1507328-1540095) csum 0x8bf7 [ITABLE_ZEROED]
  Block bitmap at 1048590 (bg #32 + 14), csum 0x6a7c1a59
  Inode bitmap at 1048606 (bg #32 + 30), csum 0x57b4932a
  Inode table at 1055776-1056287 (bg #32 + 7200)
  32768 free blocks, 8176 free inodes, 16 directories, 301 unused inodes
--
Group 47: (Blocks 1540096-1572863) csum 0x19a1 [ITABLE_ZEROED]
  Block bitmap at 1048591 (bg #32 + 15), csum 0x6a7c1a59
  Inode bitmap at 1048607 (bg #32 + 31), csum 0x429cbaf0
  Inode table at 1056288-1056799 (bg #32 + 7712)
  32768 free blocks, 6305 free inodes, 1887 directories, 301 unused inodes
--
Group 48: (Blocks 1572864-1605631) csum 0x8f5b [ITABLE_ZEROED]
  Block bitmap at 1572864 (+0), csum 0xb5ad7d9c
  Inode bitmap at 1572880 (+16), csum 0xba2ab30b
  Inode table at 1572896-1573407 (+32)
  17956 free blocks, 5350 free inodes, 2842 directories
--
Group 49: (Blocks 1605632-1638399) csum 0xcc4c [ITABLE_ZEROED]
  Backup superblock at 1605632, Group descriptors at 1605633-1605648
  Reserved GDT blocks at 1605649-1606672
  Block bitmap at 1572865 (bg #48 + 1), csum 0xb5981c81
  Inode bitmap at 1572881 (bg #48 + 17), csum 0x6dc96988
  Inode table at 1573408-1573919 (bg #48 + 544)
--
Group 50: (Blocks 1638400-1671167) csum 0x9137 [ITABLE_ZEROED]
  Block bitmap at 1572866 (bg #48 + 2), csum 0xeedc77b7
  Inode bitmap at 1572882 (bg #48 + 18), csum 0x95655f2d
  Inode table at 1573920-1574431 (bg #48 + 1056)
  29833 free blocks, 6308 free inodes, 1884 directories
--
Group 51: (Blocks 1671168-1703935) csum 0x60d5 [ITABLE_ZEROED]
  Block bitmap at 1572867 (bg #48 + 3), csum 0xdba14383
  Inode bitmap at 1572883 (bg #48 + 19), csum 0x4cc13649
  Inode table at 1574432-1574943 (bg #48 + 1568)
  29769 free blocks, 6173 free inodes, 2019 directories
--
Group 52: (Blocks 1703936-1736703) csum 0xfe3b [ITABLE_ZEROED]
  Block bitmap at 1572868 (bg #48 + 4), csum 0xb84c5175
  Inode bitmap at 1572884 (bg #48 + 20), csum 0x9f55e6e3
  Inode table at 1574944-1575455 (bg #48 + 2080)
  30781 free blocks, 4928 free inodes, 3264 directories
--
Group 53: (Blocks 1736704-1769471) csum 0x8cd4 [ITABLE_ZEROED]
  Block bitmap at 1572869 (bg #48 + 5), csum 0x6a7c1a59
  Inode bitmap at 1572885 (bg #48 + 21), csum 0xf45a600b
  Inode table at 1575456-1575967 (bg #48 + 2592)
  32768 free blocks, 6210 free inodes, 1982 directories
--
Group 54: (Blocks 1769472-1802239) csum 0xd2b9 [ITABLE_ZEROED]
  Block bitmap at 1572870 (bg #48 + 6), csum 0x6a7c1a59
  Inode bitmap at 1572886 (bg #48 + 22), csum 0x05317d61
  Inode table at 1575968-1576479 (bg #48 + 3104)
  32768 free blocks, 7002 free inodes, 1190 directories
--
Group 55: (Blocks 1802240-1835007) csum 0x071d [ITABLE_ZEROED]
  Block bitmap at 1572871 (bg #48 + 7), csum 0x6a7c1a59
  Inode bitmap at 1572887 (bg #48 + 23), csum 0xadd30cf8
  Inode table at 1576480-1576991 (bg #48 + 3616)
  32768 free blocks, 7419 free inodes, 773 directories
--
Group 56: (Blocks 1835008-1867775) csum 0x81a1 [ITABLE_ZEROED]
  Block bitmap at 1572872 (bg #48 + 8), csum 0x6a7c1a59
  Inode bitmap at 1572888 (bg #48 + 24), csum 0x6f5ccfdc
  Inode table at 1576992-1577503 (bg #48 + 4128)
  32768 free blocks, 7787 free inodes, 405 directories, 222 unused inodes
--
Group 57: (Blocks 1867776-1900543) csum 0x2daf [ITABLE_ZEROED]
  Block bitmap at 1572873 (bg #48 + 9), csum 0x6a7c1a59
  Inode bitmap at 1572889 (bg #48 + 25), csum 0x232a70d6
  Inode table at 1577504-1578015 (bg #48 + 4640)
  32768 free blocks, 8192 free inodes, 0 directories, 300 unused inodes
--
Group 58: (Blocks 1900544-1933311) csum 0x7923 [ITABLE_ZEROED]
  Block bitmap at 1572874 (bg #48 + 10), csum 0x6a7c1a59
  Inode bitmap at 1572890 (bg #48 + 26), csum 0x232a70d6
  Inode table at 1578016-1578527 (bg #48 + 5152)
  32768 free blocks, 8192 free inodes, 0 directories, 300 unused inodes
--
Group 59: (Blocks 1933312-1966079) csum 0x6708 [ITABLE_ZEROED]
  Block bitmap at 1572875 (bg #48 + 11), csum 0x6a7c1a59
  Inode bitmap at 1572891 (bg #48 + 27), csum 0x232a70d6
  Inode table at 1578528-1579039 (bg #48 + 5664)
  32768 free blocks, 8192 free inodes, 0 directories, 300 unused inodes
--
Group 60: (Blocks 1966080-1998847) csum 0x6c36 [ITABLE_ZEROED]
  Block bitmap at 1572876 (bg #48 + 12), csum 0x6a7c1a59
  Inode bitmap at 1572892 (bg #48 + 28), csum 0x6c22778a
  Inode table at 1579040-1579551 (bg #48 + 6176)
  32768 free blocks, 8191 free inodes, 1 directories, 300 unused inodes
--
Group 61: (Blocks 1998848-2031615) csum 0xe45a [ITABLE_ZEROED]
  Block bitmap at 1572877 (bg #48 + 13), csum 0x6a7c1a59
  Inode bitmap at 1572893 (bg #48 + 29), csum 0x3c7d841b
  Inode table at 1579552-1580063 (bg #48 + 6688)
  32768 free blocks, 8188 free inodes, 4 directories, 300 unused inodes
--
Group 62: (Blocks 2031616-2064383) csum 0xccec [ITABLE_ZEROED]
  Block bitmap at 1572878 (bg #48 + 14), csum 0x6a7c1a59
  Inode bitmap at 1572894 (bg #48 + 30), csum 0x6734fd47
  Inode table at 1580064-1580575 (bg #48 + 7200)
  32768 free blocks, 8185 free inodes, 7 directories, 300 unused inodes
--
Group 63: (Blocks 2064384-2097151) csum 0x5e38 [ITABLE_ZEROED]
  Block bitmap at 1572879 (bg #48 + 15), csum 0x6a7c1a59
  Inode bitmap at 1572895 (bg #48 + 31), csum 0x8b9cca54
  Inode table at 1580576-1581087 (bg #48 + 7712)
  32768 free blocks, 6055 free inodes, 2137 directories, 300 unused inodes
--
Group 64: (Blocks 2097152-2129919) csum 0x1848 [ITABLE_ZEROED]
  Block bitmap at 2097152 (+0), csum 0x93abff84
  Inode bitmap at 2097168 (+16), csum 0x6d53370f
  Inode table at 2097184-2097695 (+32)
  18709 free blocks, 5486 free inodes, 2706 directories
--
Group 65: (Blocks 2129920-2162687) csum 0xcbdc [ITABLE_ZEROED]
  Block bitmap at 2097153 (bg #64 + 1), csum 0xe203e6b0
  Inode bitmap at 2097169 (bg #64 + 17), csum 0x08970225
  Inode table at 2097696-2098207 (bg #64 + 544)
  29010 free blocks, 6624 free inodes, 1568 directories
--
Group 66: (Blocks 2162688-2195455) csum 0x9ac7 [ITABLE_ZEROED]
  Block bitmap at 2097154 (bg #64 + 2), csum 0x93e74132
  Inode bitmap at 2097170 (bg #64 + 18), csum 0xd38e664c
  Inode table at 2098208-2098719 (bg #64 + 1056)
  30239 free blocks, 6626 free inodes, 1566 directories
--
Group 67: (Blocks 2195456-2228223) csum 0xe730 [ITABLE_ZEROED]
  Block bitmap at 2097155 (bg #64 + 3), csum 0xabb76795
  Inode bitmap at 2097171 (bg #64 + 19), csum 0x63ec8e48
  Inode table at 2098720-2099231 (bg #64 + 1568)
  29804 free blocks, 6331 free inodes, 1861 directories
--
Group 68: (Blocks 2228224-2260991) csum 0x92c1 [ITABLE_ZEROED]
  Block bitmap at 2097156 (bg #64 + 4), csum 0xfc259257
  Inode bitmap at 2097172 (bg #64 + 20), csum 0xe7894cc0
  Inode table at 2099232-2099743 (bg #64 + 2080)
  31225 free blocks, 5078 free inodes, 3114 directories
--
Group 69: (Blocks 2260992-2293759) csum 0x5c5a [ITABLE_ZEROED]
  Block bitmap at 2097157 (bg #64 + 5), csum 0x6a7c1a59
  Inode bitmap at 2097173 (bg #64 + 21), csum 0x1d74aa52
  Inode table at 2099744-2100255 (bg #64 + 2592)
  32768 free blocks, 6417 free inodes, 1775 directories
--
Group 70: (Blocks 2293760-2326527) csum 0xaa2c [ITABLE_ZEROED]
  Block bitmap at 2097158 (bg #64 + 6), csum 0x6a7c1a59
  Inode bitmap at 2097174 (bg #64 + 22), csum 0xc0420de9
  Inode table at 2100256-2100767 (bg #64 + 3104)
  32768 free blocks, 7082 free inodes, 1110 directories
--
Group 71: (Blocks 2326528-2359295) csum 0xe521 [ITABLE_ZEROED]
  Block bitmap at 2097159 (bg #64 + 7), csum 0x6a7c1a59
  Inode bitmap at 2097175 (bg #64 + 23), csum 0xe6eb618b
  Inode table at 2100768-2101279 (bg #64 + 3616)
  32768 free blocks, 7558 free inodes, 634 directories
--
Group 72: (Blocks 2359296-2392063) csum 0xc997 [ITABLE_ZEROED]
  Block bitmap at 2097160 (bg #64 + 8), csum 0x6a7c1a59
  Inode bitmap at 2097176 (bg #64 + 24), csum 0xa411c34f
  Inode table at 2101280-2101791 (bg #64 + 4128)
  32768 free blocks, 7974 free inodes, 218 directories, 300 unused inodes
--
Group 73: (Blocks 2392064-2424831) csum 0xcd1a [ITABLE_ZEROED]
  Block bitmap at 2097161 (bg #64 + 9), csum 0x6a7c1a59
  Inode bitmap at 2097177 (bg #64 + 25), csum 0x232a70d6
  Inode table at 2101792-2102303 (bg #64 + 4640)
  32768 free blocks, 8192 free inodes, 0 directories, 300 unused inodes
--
Group 74: (Blocks 2424832-2457599) csum 0x9996 [ITABLE_ZEROED]
  Block bitmap at 2097162 (bg #64 + 10), csum 0x6a7c1a59
  Inode bitmap at 2097178 (bg #64 + 26), csum 0x232a70d6
  Inode table at 2102304-2102815 (bg #64 + 5152)
  32768 free blocks, 8192 free inodes, 0 directories, 300 unused inodes
--
Group 75: (Blocks 2457600-2490367) csum 0x87bd [ITABLE_ZEROED]
  Block bitmap at 2097163 (bg #64 + 11), csum 0x6a7c1a59
  Inode bitmap at 2097179 (bg #64 + 27), csum 0x232a70d6
  Inode table at 2102816-2103327 (bg #64 + 5664)
  32768 free blocks, 8192 free inodes, 0 directories, 300 unused inodes
--
Group 76: (Blocks 2490368-2523135) csum 0x47a6 [ITABLE_ZEROED]
  Block bitmap at 2097164 (bg #64 + 12), csum 0x6a7c1a59
  Inode bitmap at 2097180 (bg #64 + 28), csum 0xa7b9484b
  Inode table at 2103328-2103839 (bg #64 + 6176)
  32768 free blocks, 8190 free inodes, 2 directories, 300 unused inodes
--
Group 77: (Blocks 2523136-2555903) csum 0x7c7c [ITABLE_ZEROED]
  Block bitmap at 2097165 (bg #64 + 13), csum 0x6a7c1a59
  Inode bitmap at 2097181 (bg #64 + 29), csum 0x2b5b84d2
  Inode table at 2103840-2104351 (bg #64 + 6688)
  32768 free blocks, 8191 free inodes, 1 directories, 300 unused inodes
--
Group 78: (Blocks 2555904-2588671) csum 0xa058 [ITABLE_ZEROED]
  Block bitmap at 2097166 (bg #64 + 14), csum 0x6a7c1a59
  Inode bitmap at 2097182 (bg #64 + 30), csum 0x22b7d096
  Inode table at 2104352-2104863 (bg #64 + 7200)
  32768 free blocks, 8187 free inodes, 5 directories, 300 unused inodes
--
Group 79: (Blocks 2588672-2621439) csum 0x7976 [ITABLE_ZEROED]
  Block bitmap at 2097167 (bg #64 + 15), csum 0x6a7c1a59
  Inode bitmap at 2097183 (bg #64 + 31), csum 0x89e70a7d
  Inode table at 2104864-2105375 (bg #64 + 7712)
  32768 free blocks, 6299 free inodes, 1893 directories, 300 unused inodes
--
Group 80: (Blocks 2621440-2654207) csum 0x4d65 [ITABLE_ZEROED]
  Block bitmap at 2621440 (+0), csum 0x0a8ede3f
  Inode bitmap at 2621456 (+16), csum 0x17b40e4b
  Inode table at 2621472-2621983 (+32)
  18834 free blocks, 5593 free inodes, 2599 directories
--
Group 81: (Blocks 2654208-2686975) csum 0x7291 [ITABLE_ZEROED]
  Backup superblock at 2654208, Group descriptors at 2654209-2654224
  Reserved GDT blocks at 2654225-2655248
  Block bitmap at 2621441 (bg #80 + 1), csum 0x763b24df
  Inode bitmap at 2621457 (bg #80 + 17), csum 0xdbcc4c12
  Inode table at 2621984-2622495 (bg #80 + 544)
--
Group 82: (Blocks 2686976-2719743) csum 0x7ee4 [ITABLE_ZEROED]
  Block bitmap at 2621442 (bg #80 + 2), csum 0x5ccaf716
  Inode bitmap at 2621458 (bg #80 + 18), csum 0xc3a84e90
  Inode table at 2622496-2623007 (bg #80 + 1056)
  29720 free blocks, 6613 free inodes, 1579 directories
--
Group 83: (Blocks 2719744-2752511) csum 0xf302 [ITABLE_ZEROED]
  Block bitmap at 2621443 (bg #80 + 3), csum 0x6e05a8c7
  Inode bitmap at 2621459 (bg #80 + 19), csum 0x89f2d96f
  Inode table at 2623008-2623519 (bg #80 + 1568)
  29647 free blocks, 6463 free inodes, 1729 directories
--
Group 84: (Blocks 2752512-2785279) csum 0x3349 [ITABLE_ZEROED]
  Block bitmap at 2621444 (bg #80 + 4), csum 0x8d4ab699
  Inode bitmap at 2621460 (bg #80 + 20), csum 0x5a7dd9ce
  Inode table at 2623520-2624031 (bg #80 + 2080)
  30688 free blocks, 5072 free inodes, 3120 directories
--
Group 85: (Blocks 2785280-2818047) csum 0x1455 [ITABLE_ZEROED]
  Block bitmap at 2621445 (bg #80 + 5), csum 0x6a7c1a59
  Inode bitmap at 2621461 (bg #80 + 21), csum 0xcfa8dfcd
  Inode table at 2624032-2624543 (bg #80 + 2592)
  32768 free blocks, 6289 free inodes, 1903 directories
--
Group 86: (Blocks 2818048-2850815) csum 0x49e4 [ITABLE_ZEROED]
  Block bitmap at 2621446 (bg #80 + 6), csum 0x6a7c1a59
  Inode bitmap at 2621462 (bg #80 + 22), csum 0xffaa95c7
  Inode table at 2624544-2625055 (bg #80 + 3104)
  32768 free blocks, 6869 free inodes, 1323 directories
--
Group 87: (Blocks 2850816-2883583) csum 0xc5b0 [ITABLE_ZEROED]
  Block bitmap at 2621447 (bg #80 + 7), csum 0x6a7c1a59
  Inode bitmap at 2621463 (bg #80 + 23), csum 0xa5b27f62
  Inode table at 2625056-2625567 (bg #80 + 3616)
  32768 free blocks, 7274 free inodes, 918 directories
--
Group 88: (Blocks 2883584-2916351) csum 0x1123 [ITABLE_ZEROED]
  Block bitmap at 2621448 (bg #80 + 8), csum 0x6a7c1a59
  Inode bitmap at 2621464 (bg #80 + 24), csum 0xbccd6441
  Inode table at 2625568-2626079 (bg #80 + 4128)
  32768 free blocks, 7609 free inodes, 583 directories
--
Group 89: (Blocks 2916352-2949119) csum 0x25b2 [ITABLE_ZEROED]
  Block bitmap at 2621449 (bg #80 + 9), csum 0x6a7c1a59
  Inode bitmap at 2621465 (bg #80 + 25), csum 0x2eb1246d
  Inode table at 2626080-2626591 (bg #80 + 4640)
  32768 free blocks, 7825 free inodes, 367 directories, 96 unused inodes
--
Group 90: (Blocks 2949120-2981887) csum 0x1e3a [ITABLE_ZEROED]
  Block bitmap at 2621450 (bg #80 + 10), csum 0x6a7c1a59
  Inode bitmap at 2621466 (bg #80 + 26), csum 0x232a70d6
  Inode table at 2626592-2627103 (bg #80 + 5152)
  32768 free blocks, 8192 free inodes, 0 directories, 300 unused inodes
--
Group 91: (Blocks 2981888-3014655) csum 0x0011 [ITABLE_ZEROED]
  Block bitmap at 2621451 (bg #80 + 11), csum 0x6a7c1a59
  Inode bitmap at 2621467 (bg #80 + 27), csum 0x232a70d6
  Inode table at 2627104-2627615 (bg #80 + 5664)
  32768 free blocks, 8192 free inodes, 0 directories, 300 unused inodes
--
Group 92: (Blocks 3014656-3047423) csum 0x8eb5 [ITABLE_ZEROED]
  Block bitmap at 2621452 (bg #80 + 12), csum 0x6a7c1a59
  Inode bitmap at 2621468 (bg #80 + 28), csum 0x4171d89d
  Inode table at 2627616-2628127 (bg #80 + 6176)
  32768 free blocks, 8191 free inodes, 1 directories, 300 unused inodes
--
Group 93: (Blocks 3047424-3080191) csum 0xdff8 [ITABLE_ZEROED]
  Block bitmap at 2621453 (bg #80 + 13), csum 0x6a7c1a59
  Inode bitmap at 2621469 (bg #80 + 29), csum 0x232a70d6
  Inode table at 2628128-2628639 (bg #80 + 6688)
  32768 free blocks, 8192 free inodes, 0 directories, 300 unused inodes
--
Group 94: (Blocks 3080192-3112959) csum 0x25ec [ITABLE_ZEROED]
  Block bitmap at 2621454 (bg #80 + 14), csum 0x6a7c1a59
  Inode bitmap at 2621470 (bg #80 + 30), csum 0x88c7f684
  Inode table at 2628640-2629151 (bg #80 + 7200)
  32768 free blocks, 8191 free inodes, 1 directories, 300 unused inodes
--
Group 95: (Blocks 3112960-3145727) csum 0x0268 [ITABLE_ZEROED]
  Block bitmap at 2621455 (bg #80 + 15), csum 0x6a7c1a59
  Inode bitmap at 2621471 (bg #80 + 31), csum 0xd855d7a1
  Inode table at 2629152-2629663 (bg #80 + 7712)
  32768 free blocks, 6173 free inodes, 2019 directories, 300 unused inodes
--
Group 96: (Blocks 3145728-3178495) csum 0x39a8 [ITABLE_ZEROED]
  Block bitmap at 3145728 (+0), csum 0xe26f757a
  Inode bitmap at 3145744 (+16), csum 0x1c3a214a
  Inode table at 3145760-3146271 (+32)
  17778 free blocks, 5668 free inodes, 2524 directories
--
Group 97: (Blocks 3178496-3211263) csum 0x80f5 [ITABLE_ZEROED]
  Block bitmap at 3145729 (bg #96 + 1), csum 0xdfae811d
  Inode bitmap at 3145745 (bg #96 + 17), csum 0x7d27976d
  Inode table at 3146272-3146783 (bg #96 + 544)
  18748 free blocks, 6072 free inodes, 2120 directories
--
Group 98: (Blocks 3211264-3244031) csum 0xc175 [ITABLE_ZEROED]
  Block bitmap at 3145730 (bg #96 + 2), csum 0x8a7699da
  Inode bitmap at 3145746 (bg #96 + 18), csum 0x507a5665
  Inode table at 3146784-3147295 (bg #96 + 1056)
  16827 free blocks, 6059 free inodes, 2133 directories
--
Group 99: (Blocks 3244032-3276799) csum 0xf721 [ITABLE_ZEROED]
  Block bitmap at 3145731 (bg #96 + 3), csum 0x85ba63ed
  Inode bitmap at 3145747 (bg #96 + 19), csum 0x142441ec
  Inode table at 3147296-3147807 (bg #96 + 1568)
  16816 free blocks, 6055 free inodes, 2137 directories
--
Group 100: (Blocks 3276800-3309567) csum 0x0381 [ITABLE_ZEROED]
  Block bitmap at 3145732 (bg #96 + 4), csum 0x91dd81a4
  Inode bitmap at 3145748 (bg #96 + 20), csum 0x1469f87b
  Inode table at 3147808-3148319 (bg #96 + 2080)
  29954 free blocks, 4287 free inodes, 3905 directories
--
Group 101: (Blocks 3309568-3342335) csum 0x13c3 [ITABLE_ZEROED]
  Block bitmap at 3145733 (bg #96 + 5), csum 0x6a7c1a59
  Inode bitmap at 3145749 (bg #96 + 21), csum 0x439c9988
  Inode table at 3148320-3148831 (bg #96 + 2592)
  32768 free blocks, 4209 free inodes, 3983 directories
--
Group 102: (Blocks 3342336-3375103) csum 0xcd33 [ITABLE_ZEROED]
  Block bitmap at 3145734 (bg #96 + 6), csum 0x6a7c1a59
  Inode bitmap at 3145750 (bg #96 + 22), csum 0xba5c4aa3
  Inode table at 3148832-3149343 (bg #96 + 3104)
  32768 free blocks, 4190 free inodes, 4002 directories
--
Group 103: (Blocks 3375104-3407871) csum 0xaf02 [ITABLE_ZEROED]
  Block bitmap at 3145735 (bg #96 + 7), csum 0x6a7c1a59
  Inode bitmap at 3145751 (bg #96 + 23), csum 0xe1d12c5c
  Inode table at 3149344-3149855 (bg #96 + 3616)
  32768 free blocks, 4215 free inodes, 3977 directories
--
Group 104: (Blocks 3407872-3440639) csum 0xc03f [ITABLE_ZEROED]
  Block bitmap at 3145736 (bg #96 + 8), csum 0x6a7c1a59
  Inode bitmap at 3145752 (bg #96 + 24), csum 0x37c55a63
  Inode table at 3149856-3150367 (bg #96 + 4128)
  32768 free blocks, 4185 free inodes, 4007 directories
--
Group 105: (Blocks 3440640-3473407) csum 0xf4bd [ITABLE_ZEROED]
  Block bitmap at 3145737 (bg #96 + 9), csum 0x6a7c1a59
  Inode bitmap at 3145753 (bg #96 + 25), csum 0xc7376749
  Inode table at 3150368-3150879 (bg #96 + 4640)
  32768 free blocks, 4246 free inodes, 3946 directories
--
Group 106: (Blocks 3473408-3506175) csum 0xf5d1 [ITABLE_ZEROED]
  Block bitmap at 3145738 (bg #96 + 10), csum 0x6a7c1a59
  Inode bitmap at 3145754 (bg #96 + 26), csum 0x37937681
  Inode table at 3150880-3151391 (bg #96 + 5152)
  32768 free blocks, 4188 free inodes, 4004 directories
--
Group 107: (Blocks 3506176-3538943) csum 0xc1b4 [ITABLE_ZEROED]
  Block bitmap at 3145739 (bg #96 + 11), csum 0x6a7c1a59
  Inode bitmap at 3145755 (bg #96 + 27), csum 0x9cde913c
  Inode table at 3151392-3151903 (bg #96 + 5664)
  32768 free blocks, 4243 free inodes, 3949 directories
--
Group 108: (Blocks 3538944-3571711) csum 0x1f9f [ITABLE_ZEROED]
  Block bitmap at 3145740 (bg #96 + 12), csum 0x6a7c1a59
  Inode bitmap at 3145756 (bg #96 + 28), csum 0x83bb8ed8
  Inode table at 3151904-3152415 (bg #96 + 6176)
  32768 free blocks, 4177 free inodes, 4015 directories
--
Group 109: (Blocks 3571712-3604479) csum 0x6feb [ITABLE_ZEROED]
  Block bitmap at 3145741 (bg #96 + 13), csum 0x6a7c1a59
  Inode bitmap at 3145757 (bg #96 + 29), csum 0xd4b566a2
  Inode table at 3152416-3152927 (bg #96 + 6688)
  32768 free blocks, 4184 free inodes, 4008 directories
--
Group 110: (Blocks 3604480-3637247) csum 0x3189 [ITABLE_ZEROED]
  Block bitmap at 3145742 (bg #96 + 14), csum 0x6a7c1a59
  Inode bitmap at 3145758 (bg #96 + 30), csum 0xaee87b12
  Inode table at 3152928-3153439 (bg #96 + 7200)
  32768 free blocks, 4331 free inodes, 3861 directories, 300 unused inodes
--
Group 111: (Blocks 3637248-3670015) csum 0xa608 [ITABLE_ZEROED]
  Block bitmap at 3145743 (bg #96 + 15), csum 0x6a7c1a59
  Inode bitmap at 3145759 (bg #96 + 31), csum 0xc99b61d7
  Inode table at 3153440-3153951 (bg #96 + 7712)
  32768 free blocks, 5270 free inodes, 2922 directories, 300 unused inodes
--
Group 112: (Blocks 3670016-3702783) csum 0x349e [ITABLE_ZEROED]
  Block bitmap at 3670016 (+0), csum 0x6f72e848
  Inode bitmap at 3670032 (+16), csum 0x0b28f894
  Inode table at 3670048-3670559 (+32)
  17298 free blocks, 5501 free inodes, 2691 directories
--
Group 113: (Blocks 3702784-3735551) csum 0x669b [ITABLE_ZEROED]
  Block bitmap at 3670017 (bg #112 + 1), csum 0xa4ec4cc8
  Inode bitmap at 3670033 (bg #112 + 17), csum 0x6f16a4c6
  Inode table at 3670560-3671071 (bg #112 + 544)
  18426 free blocks, 5892 free inodes, 2300 directories
--
Group 114: (Blocks 3735552-3768319) csum 0x5895 [ITABLE_ZEROED]
  Block bitmap at 3670018 (bg #112 + 2), csum 0xb23942b2
  Inode bitmap at 3670034 (bg #112 + 18), csum 0x957b0ecb
  Inode table at 3671072-3671583 (bg #112 + 1056)
  16566 free blocks, 5930 free inodes, 2262 directories
--
Group 115: (Blocks 3768320-3801087) csum 0x5148 [ITABLE_ZEROED]
  Block bitmap at 3670019 (bg #112 + 3), csum 0x9c9d92bb
  Inode bitmap at 3670035 (bg #112 + 19), csum 0x8863acbb
  Inode table at 3671584-3672095 (bg #112 + 1568)
  16280 free blocks, 5920 free inodes, 2272 directories
--
Group 116: (Blocks 3801088-3833855) csum 0x3047 [ITABLE_ZEROED]
  Block bitmap at 3670020 (bg #112 + 4), csum 0x6118e17f
  Inode bitmap at 3670036 (bg #112 + 20), csum 0xa454d63b
  Inode table at 3672096-3672607 (bg #112 + 2080)
  29756 free blocks, 4200 free inodes, 3992 directories
--
Group 117: (Blocks 3833856-3866623) csum 0x6a4e [ITABLE_ZEROED]
  Block bitmap at 3670021 (bg #112 + 5), csum 0x6a7c1a59
  Inode bitmap at 3670037 (bg #112 + 21), csum 0x2847e733
  Inode table at 3672608-3673119 (bg #112 + 2592)
  32768 free blocks, 4164 free inodes, 4028 directories
--
Group 118: (Blocks 3866624-3899391) csum 0xa7ed [ITABLE_ZEROED]
  Block bitmap at 3670022 (bg #112 + 6), csum 0x6a7c1a59
  Inode bitmap at 3670038 (bg #112 + 22), csum 0x6d34c477
  Inode table at 3673120-3673631 (bg #112 + 3104)
  32768 free blocks, 4139 free inodes, 4053 directories
--
Group 119: (Blocks 3899392-3932159) csum 0xa13b [ITABLE_ZEROED]
  Block bitmap at 3670023 (bg #112 + 7), csum 0x6a7c1a59
  Inode bitmap at 3670039 (bg #112 + 23), csum 0x3437039b
  Inode table at 3673632-3674143 (bg #112 + 3616)
  32768 free blocks, 4139 free inodes, 4053 directories
--
Group 120: (Blocks 3932160-3964927) csum 0xa466 [ITABLE_ZEROED]
  Block bitmap at 3670024 (bg #112 + 8), csum 0x6a7c1a59
  Inode bitmap at 3670040 (bg #112 + 24), csum 0x658af664
  Inode table at 3674144-3674655 (bg #112 + 4128)
  32768 free blocks, 4200 free inodes, 3992 directories
--
Group 121: (Blocks 3964928-3997695) csum 0xd6c5 [ITABLE_ZEROED]
  Block bitmap at 3670025 (bg #112 + 9), csum 0x6a7c1a59
  Inode bitmap at 3670041 (bg #112 + 25), csum 0x66a39673
  Inode table at 3674656-3675167 (bg #112 + 4640)
  32768 free blocks, 4133 free inodes, 4059 directories
--
Group 122: (Blocks 3997696-4030463) csum 0x4897 [ITABLE_ZEROED]
  Block bitmap at 3670026 (bg #112 + 10), csum 0x6a7c1a59
  Inode bitmap at 3670042 (bg #112 + 26), csum 0xc2bb8f01
  Inode table at 3675168-3675679 (bg #112 + 5152)
  32768 free blocks, 4089 free inodes, 4103 directories
--
Group 123: (Blocks 4030464-4063231) csum 0x1147 [ITABLE_ZEROED]
  Block bitmap at 3670027 (bg #112 + 11), csum 0x6a7c1a59
  Inode bitmap at 3670043 (bg #112 + 27), csum 0x698c307b
  Inode table at 3675680-3676191 (bg #112 + 5664)
  32768 free blocks, 4017 free inodes, 4175 directories
--
Group 124: (Blocks 4063232-4095999) csum 0x3e4b [ITABLE_ZEROED]
  Block bitmap at 3670028 (bg #112 + 12), csum 0x6a7c1a59
  Inode bitmap at 3670044 (bg #112 + 28), csum 0x9b001e62
  Inode table at 3676192-3676703 (bg #112 + 6176)
  32768 free blocks, 4090 free inodes, 4102 directories
--
Group 125: (Blocks 4096000-4128767) csum 0xcc87 [ITABLE_ZEROED]
  Backup superblock at 4096000, Group descriptors at 4096001-4096016
  Reserved GDT blocks at 4096017-4097040
  Block bitmap at 3670029 (bg #112 + 13), csum 0x9ed2ca24
  Inode bitmap at 3670045 (bg #112 + 29), csum 0x28cae04b
  Inode table at 3676704-3677215 (bg #112 + 6688)
--
Group 126: (Blocks 4128768-4161535) csum 0x3260 [ITABLE_ZEROED]
  Block bitmap at 3670030 (bg #112 + 14), csum 0x6a7c1a59
  Inode bitmap at 3670046 (bg #112 + 30), csum 0x2ab4070a
  Inode table at 3677216-3677727 (bg #112 + 7200)
  32768 free blocks, 4098 free inodes, 4094 directories
--
Group 127: (Blocks 4161536-4194303) csum 0x8253 [ITABLE_ZEROED]
  Block bitmap at 3670031 (bg #112 + 15), csum 0x6a7c1a59
  Inode bitmap at 3670047 (bg #112 + 31), csum 0x2626aefa
  Inode table at 3677728-3678239 (bg #112 + 7712)
  32768 free blocks, 5195 free inodes, 2997 directories, 300 unused inodes
--
Group 128: (Blocks 4194304-4227071) csum 0x39a5 [ITABLE_ZEROED]
  Block bitmap at 4194304 (+0), csum 0x188a5024
  Inode bitmap at 4194320 (+16), csum 0x268e99b3
  Inode table at 4194336-4194847 (+32)
  16003 free blocks, 5324 free inodes, 2868 directories
--
Group 129: (Blocks 4227072-4259839) csum 0x4811 [ITABLE_ZEROED]
  Block bitmap at 4194305 (bg #128 + 1), csum 0x8d9ada41
  Inode bitmap at 4194321 (bg #128 + 17), csum 0x7d084483
  Inode table at 4194848-4195359 (bg #128 + 544)
  17661 free blocks, 5384 free inodes, 2808 directories
--
Group 130: (Blocks 4259840-4292607) csum 0x66a2 [ITABLE_ZEROED]
  Block bitmap at 4194306 (bg #128 + 2), csum 0x95185e30
  Inode bitmap at 4194322 (bg #128 + 18), csum 0x9e8da4e0
  Inode table at 4195360-4195871 (bg #128 + 1056)
  16349 free blocks, 5319 free inodes, 2873 directories
--
Group 131: (Blocks 4292608-4325375) csum 0x8cac [ITABLE_ZEROED]
  Block bitmap at 4194307 (bg #128 + 3), csum 0xde25bd94
  Inode bitmap at 4194323 (bg #128 + 19), csum 0xe439bb60
  Inode table at 4195872-4196383 (bg #128 + 1568)
  16356 free blocks, 5488 free inodes, 2704 directories
--
Group 132: (Blocks 4325376-4358143) csum 0x1bd3 [ITABLE_ZEROED]
  Block bitmap at 4194308 (bg #128 + 4), csum 0x4fe39cde
  Inode bitmap at 4194324 (bg #128 + 20), csum 0x0204ab07
  Inode table at 4196384-4196895 (bg #128 + 2080)
  29540 free blocks, 3968 free inodes, 4224 directories
--
Group 133: (Blocks 4358144-4390911) csum 0xda28 [ITABLE_ZEROED]
  Block bitmap at 4194309 (bg #128 + 5), csum 0x6a7c1a59
  Inode bitmap at 4194325 (bg #128 + 21), csum 0xbef32bfa
  Inode table at 4196896-4197407 (bg #128 + 2592)
  32768 free blocks, 4060 free inodes, 4132 directories
--
Group 134: (Blocks 4390912-4423679) csum 0x9119 [ITABLE_ZEROED]
  Block bitmap at 4194310 (bg #128 + 6), csum 0x6a7c1a59
  Inode bitmap at 4194326 (bg #128 + 22), csum 0x9e5d228d
  Inode table at 4197408-4197919 (bg #128 + 3104)
  32768 free blocks, 4136 free inodes, 4056 directories
--
Group 135: (Blocks 4423680-4456447) csum 0xe68c [ITABLE_ZEROED]
  Block bitmap at 4194311 (bg #128 + 7), csum 0x6a7c1a59
  Inode bitmap at 4194327 (bg #128 + 23), csum 0x61437cfc
  Inode table at 4197920-4198431 (bg #128 + 3616)
  32768 free blocks, 4117 free inodes, 4075 directories
--
Group 136: (Blocks 4456448-4489215) csum 0x07e9 [ITABLE_ZEROED]
  Block bitmap at 4194312 (bg #128 + 8), csum 0x6a7c1a59
  Inode bitmap at 4194328 (bg #128 + 24), csum 0x4f950078
  Inode table at 4198432-4198943 (bg #128 + 4128)
  32768 free blocks, 4109 free inodes, 4083 directories
--
Group 137: (Blocks 4489216-4521983) csum 0x0da8 [ITABLE_ZEROED]
  Block bitmap at 4194313 (bg #128 + 9), csum 0x6a7c1a59
  Inode bitmap at 4194329 (bg #128 + 25), csum 0xee6cae71
  Inode table at 4198944-4199455 (bg #128 + 4640)
  32768 free blocks, 4101 free inodes, 4091 directories
--
Group 138: (Blocks 4521984-4554751) csum 0xb52b [ITABLE_ZEROED]
  Block bitmap at 4194314 (bg #128 + 10), csum 0x6a7c1a59
  Inode bitmap at 4194330 (bg #128 + 26), csum 0x64277287
  Inode table at 4199456-4199967 (bg #128 + 5152)
  32768 free blocks, 4021 free inodes, 4171 directories
--
Group 139: (Blocks 4554752-4587519) csum 0xf53d [ITABLE_ZEROED]
  Block bitmap at 4194315 (bg #128 + 11), csum 0x6a7c1a59
  Inode bitmap at 4194331 (bg #128 + 27), csum 0xb1158c7f
  Inode table at 4199968-4200479 (bg #128 + 5664)
  32768 free blocks, 4089 free inodes, 4103 directories
--
Group 140: (Blocks 4587520-4620287) csum 0x3acb [ITABLE_ZEROED]
  Block bitmap at 4194316 (bg #128 + 12), csum 0x6a7c1a59
  Inode bitmap at 4194332 (bg #128 + 28), csum 0xa0b4faa3
  Inode table at 4200480-4200991 (bg #128 + 6176)
  32768 free blocks, 4090 free inodes, 4102 directories
--
Group 141: (Blocks 4620288-4653055) csum 0x91a2 [ITABLE_ZEROED]
  Block bitmap at 4194317 (bg #128 + 13), csum 0x6a7c1a59
  Inode bitmap at 4194333 (bg #128 + 29), csum 0xae4024b0
  Inode table at 4200992-4201503 (bg #128 + 6688)
  32768 free blocks, 4057 free inodes, 4135 directories
--
Group 142: (Blocks 4653056-4685823) csum 0x037b [ITABLE_ZEROED]
  Block bitmap at 4194318 (bg #128 + 14), csum 0x6a7c1a59
  Inode bitmap at 4194334 (bg #128 + 30), csum 0xe610fed3
  Inode table at 4201504-4202015 (bg #128 + 7200)
  32768 free blocks, 4122 free inodes, 4070 directories
--
Group 143: (Blocks 4685824-4718591) csum 0x2d6b [ITABLE_ZEROED]
  Block bitmap at 4194319 (bg #128 + 15), csum 0x6a7c1a59
  Inode bitmap at 4194335 (bg #128 + 31), csum 0xca17794c
  Inode table at 4202016-4202527 (bg #128 + 7712)
  32768 free blocks, 4980 free inodes, 3212 directories, 300 unused inodes
--
Group 144: (Blocks 4718592-4751359) csum 0xa52b [ITABLE_ZEROED]
  Block bitmap at 4718592 (+0), csum 0x0ab7a825
  Inode bitmap at 4718608 (+16), csum 0x8baf88ef
  Inode table at 4718624-4719135 (+32)
  16322 free blocks, 5391 free inodes, 2801 directories
--
Group 145: (Blocks 4751360-4784127) csum 0x9c53 [ITABLE_ZEROED]
  Block bitmap at 4718593 (bg #144 + 1), csum 0x78e507da
  Inode bitmap at 4718609 (bg #144 + 17), csum 0x9310f2a4
  Inode table at 4719136-4719647 (bg #144 + 544)
  17841 free blocks, 5521 free inodes, 2671 directories
--
Group 146: (Blocks 4784128-4816895) csum 0x0717 [ITABLE_ZEROED]
  Block bitmap at 4718594 (bg #144 + 2), csum 0xa5c32dbc
  Inode bitmap at 4718610 (bg #144 + 18), csum 0xd8fa7058
  Inode table at 4719648-4720159 (bg #144 + 1056)
  16515 free blocks, 5432 free inodes, 2760 directories
--
Group 147: (Blocks 4816896-4849663) csum 0xb062 [ITABLE_ZEROED]
  Block bitmap at 4718595 (bg #144 + 3), csum 0x5184a0b3
  Inode bitmap at 4718611 (bg #144 + 19), csum 0x0475f048
  Inode table at 4720160-4720671 (bg #144 + 1568)
  16524 free blocks, 5564 free inodes, 2628 directories
--
Group 148: (Blocks 4849664-4882431) csum 0x77e5 [ITABLE_ZEROED]
  Block bitmap at 4718596 (bg #144 + 4), csum 0xd87bcd67
  Inode bitmap at 4718612 (bg #144 + 20), csum 0x55aa5ae2
  Inode table at 4720672-4721183 (bg #144 + 2080)
  29554 free blocks, 4072 free inodes, 4120 directories
--
Group 149: (Blocks 4882432-4915199) csum 0xe91f [ITABLE_ZEROED]
  Block bitmap at 4718597 (bg #144 + 5), csum 0x6a7c1a59
  Inode bitmap at 4718613 (bg #144 + 21), csum 0xb21be471
  Inode table at 4721184-4721695 (bg #144 + 2592)
  32768 free blocks, 4074 free inodes, 4118 directories
--
Group 150: (Blocks 4915200-4947967) csum 0x6df6 [ITABLE_ZEROED]
  Block bitmap at 4718598 (bg #144 + 6), csum 0x6a7c1a59
  Inode bitmap at 4718614 (bg #144 + 22), csum 0xa0f3466e
  Inode table at 4721696-4722207 (bg #144 + 3104)
  32768 free blocks, 4126 free inodes, 4066 directories
--
Group 151: (Blocks 4947968-4980735) csum 0x5b35 [ITABLE_ZEROED]
  Block bitmap at 4718599 (bg #144 + 7), csum 0x6a7c1a59
  Inode bitmap at 4718615 (bg #144 + 23), csum 0xdc5065e7
  Inode table at 4722208-4722719 (bg #144 + 3616)
  32768 free blocks, 4137 free inodes, 4055 directories
--
Group 152: (Blocks 4980736-5013503) csum 0x0fa8 [ITABLE_ZEROED]
  Block bitmap at 4718600 (bg #144 + 8), csum 0x6a7c1a59
  Inode bitmap at 4718616 (bg #144 + 24), csum 0x9dca071c
  Inode table at 4722720-4723231 (bg #144 + 4128)
  32768 free blocks, 4059 free inodes, 4133 directories
--
Group 153: (Blocks 5013504-5046271) csum 0x3779 [ITABLE_ZEROED]
  Block bitmap at 4718601 (bg #144 + 9), csum 0x6a7c1a59
  Inode bitmap at 4718617 (bg #144 + 25), csum 0x6a417653
  Inode table at 4723232-4723743 (bg #144 + 4640)
  32768 free blocks, 4147 free inodes, 4045 directories
--
Group 154: (Blocks 5046272-5079039) csum 0x5a1d [ITABLE_ZEROED]
  Block bitmap at 4718602 (bg #144 + 10), csum 0x6a7c1a59
  Inode bitmap at 4718618 (bg #144 + 26), csum 0x9d237879
  Inode table at 4723744-4724255 (bg #144 + 5152)
  32768 free blocks, 4173 free inodes, 4019 directories
--
Group 155: (Blocks 5079040-5111807) csum 0x6976 [ITABLE_ZEROED]
  Block bitmap at 4718603 (bg #144 + 11), csum 0x6a7c1a59
  Inode bitmap at 4718619 (bg #144 + 27), csum 0xc7413e76
  Inode table at 4724256-4724767 (bg #144 + 5664)
  32768 free blocks, 4107 free inodes, 4085 directories
--
Group 156: (Blocks 5111808-5144575) csum 0x7d27 [ITABLE_ZEROED]
  Block bitmap at 4718604 (bg #144 + 12), csum 0x6a7c1a59
  Inode bitmap at 4718620 (bg #144 + 28), csum 0x922c5510
  Inode table at 4724768-4725279 (bg #144 + 6176)
  32768 free blocks, 4117 free inodes, 4075 directories
--
Group 157: (Blocks 5144576-5177343) csum 0x07b7 [ITABLE_ZEROED]
  Block bitmap at 4718605 (bg #144 + 13), csum 0x6a7c1a59
  Inode bitmap at 4718621 (bg #144 + 29), csum 0xfc8d6e1c
  Inode table at 4725280-4725791 (bg #144 + 6688)
  32768 free blocks, 4172 free inodes, 4020 directories
--
Group 158: (Blocks 5177344-5210111) csum 0x9b00 [ITABLE_ZEROED]
  Block bitmap at 4718606 (bg #144 + 14), csum 0x6a7c1a59
  Inode bitmap at 4718622 (bg #144 + 30), csum 0x21861050
  Inode table at 4725792-4726303 (bg #144 + 7200)
  32768 free blocks, 4120 free inodes, 4072 directories
--
Group 159: (Blocks 5210112-5242879) csum 0x51e3 [ITABLE_ZEROED]
  Block bitmap at 4718607 (bg #144 + 15), csum 0x6a7c1a59
  Inode bitmap at 4718623 (bg #144 + 31), csum 0x2d276843
  Inode table at 4726304-4726815 (bg #144 + 7712)
  32768 free blocks, 5000 free inodes, 3192 directories, 300 unused inodes
--
Group 160: (Blocks 5242880-5275647) csum 0xa114 [ITABLE_ZEROED]
  Block bitmap at 5242880 (+0), csum 0xeeb5ee92
  Inode bitmap at 5242896 (+16), csum 0xa0de1cbe
  Inode table at 5242912-5243423 (+32)
  16338 free blocks, 5339 free inodes, 2853 directories
--
Group 161: (Blocks 5275648-5308415) csum 0x59a0 [ITABLE_ZEROED]
  Block bitmap at 5242881 (bg #160 + 1), csum 0x6cecd3b4
  Inode bitmap at 5242897 (bg #160 + 17), csum 0x15d710f7
  Inode table at 5243424-5243935 (bg #160 + 544)
  17862 free blocks, 5567 free inodes, 2625 directories
--
Group 162: (Blocks 5308416-5341183) csum 0xdc91 [ITABLE_ZEROED]
  Block bitmap at 5242882 (bg #160 + 2), csum 0x2fa15bd1
  Inode bitmap at 5242898 (bg #160 + 18), csum 0xd6bb32dd
  Inode table at 5243936-5244447 (bg #160 + 1056)
  16281 free blocks, 5456 free inodes, 2736 directories
--
Group 163: (Blocks 5341184-5373951) csum 0x742a [ITABLE_ZEROED]
  Block bitmap at 5242883 (bg #160 + 3), csum 0xbbca66a7
  Inode bitmap at 5242899 (bg #160 + 19), csum 0xf8ca4a28
  Inode table at 5244448-5244959 (bg #160 + 1568)
  16403 free blocks, 5494 free inodes, 2698 directories
--
Group 164: (Blocks 5373952-5406719) csum 0xf963 [ITABLE_ZEROED]
  Block bitmap at 5242884 (bg #160 + 4), csum 0xd402e20e
  Inode bitmap at 5242900 (bg #160 + 20), csum 0xc7ca2eff
  Inode table at 5244960-5245471 (bg #160 + 2080)
  29404 free blocks, 4069 free inodes, 4123 directories
--
Group 165: (Blocks 5406720-5439487) csum 0x68ea [ITABLE_ZEROED]
  Block bitmap at 5242885 (bg #160 + 5), csum 0x6a7c1a59
  Inode bitmap at 5242901 (bg #160 + 21), csum 0x2e11c6c9
  Inode table at 5245472-5245983 (bg #160 + 2592)
  32768 free blocks, 4132 free inodes, 4060 directories
--
Group 166: (Blocks 5439488-5472255) csum 0x0be3 [ITABLE_ZEROED]
  Block bitmap at 5242886 (bg #160 + 6), csum 0x6a7c1a59
  Inode bitmap at 5242902 (bg #160 + 22), csum 0x0bce1bdb
  Inode table at 5245984-5246495 (bg #160 + 3104)
  32768 free blocks, 4158 free inodes, 4034 directories
--
Group 167: (Blocks 5472256-5505023) csum 0xba18 [ITABLE_ZEROED]
  Block bitmap at 5242887 (bg #160 + 7), csum 0x6a7c1a59
  Inode bitmap at 5242903 (bg #160 + 23), csum 0xb8314859
  Inode table at 5246496-5247007 (bg #160 + 3616)
  32768 free blocks, 4097 free inodes, 4095 directories
--
Group 168: (Blocks 5505024-5537791) csum 0xcac5 [ITABLE_ZEROED]
  Block bitmap at 5242888 (bg #160 + 8), csum 0x6a7c1a59
  Inode bitmap at 5242904 (bg #160 + 24), csum 0x5d6ba197
  Inode table at 5247008-5247519 (bg #160 + 4128)
  32768 free blocks, 4026 free inodes, 4166 directories
--
Group 169: (Blocks 5537792-5570559) csum 0xdc24 [ITABLE_ZEROED]
  Block bitmap at 5242889 (bg #160 + 9), csum 0x6a7c1a59
  Inode bitmap at 5242905 (bg #160 + 25), csum 0xdb0e84b2
  Inode table at 5247520-5248031 (bg #160 + 4640)
  32768 free blocks, 4085 free inodes, 4107 directories
--
Group 170: (Blocks 5570560-5603327) csum 0x8dd9 [ITABLE_ZEROED]
  Block bitmap at 5242890 (bg #160 + 10), csum 0x6a7c1a59
  Inode bitmap at 5242906 (bg #160 + 26), csum 0xfd0eb8a4
  Inode table at 5248032-5248543 (bg #160 + 5152)
  32768 free blocks, 4073 free inodes, 4119 directories
--
Group 171: (Blocks 5603328-5636095) csum 0xafb9 [ITABLE_ZEROED]
  Block bitmap at 5242891 (bg #160 + 11), csum 0x6a7c1a59
  Inode bitmap at 5242907 (bg #160 + 27), csum 0x337be27e
  Inode table at 5248544-5249055 (bg #160 + 5664)
  32768 free blocks, 4110 free inodes, 4082 directories
--
Group 172: (Blocks 5636096-5668863) csum 0xd25e [ITABLE_ZEROED]
  Block bitmap at 5242892 (bg #160 + 12), csum 0x6a7c1a59
  Inode bitmap at 5242908 (bg #160 + 28), csum 0xc9958f6c
  Inode table at 5249056-5249567 (bg #160 + 6176)
  32768 free blocks, 4093 free inodes, 4099 directories
--
Group 173: (Blocks 5668864-5701631) csum 0xc649 [ITABLE_ZEROED]
  Block bitmap at 5242893 (bg #160 + 13), csum 0x6a7c1a59
  Inode bitmap at 5242909 (bg #160 + 29), csum 0x4729f0f6
  Inode table at 5249568-5250079 (bg #160 + 6688)
  32768 free blocks, 4049 free inodes, 4143 directories
--
Group 174: (Blocks 5701632-5734399) csum 0x5c1e [ITABLE_ZEROED]
  Block bitmap at 5242894 (bg #160 + 14), csum 0x6a7c1a59
  Inode bitmap at 5242910 (bg #160 + 30), csum 0x475ba9ef
  Inode table at 5250080-5250591 (bg #160 + 7200)
  32768 free blocks, 4150 free inodes, 4042 directories
--
Group 175: (Blocks 5734400-5767167) csum 0x0b98 [ITABLE_ZEROED]
  Block bitmap at 5242895 (bg #160 + 15), csum 0x6a7c1a59
  Inode bitmap at 5242911 (bg #160 + 31), csum 0xd0983ad7
  Inode table at 5250592-5251103 (bg #160 + 7712)
  32768 free blocks, 4846 free inodes, 3346 directories, 300 unused inodes
--
Group 176: (Blocks 5767168-5799935) csum 0xdb41 [ITABLE_ZEROED]
  Block bitmap at 5767168 (+0), csum 0x9c07fe88
  Inode bitmap at 5767184 (+16), csum 0xfa2134e8
  Inode table at 5767200-5767711 (+32)
  15552 free blocks, 4947 free inodes, 3245 directories
--
Group 177: (Blocks 5799936-5832703) csum 0xb875 [ITABLE_ZEROED]
  Block bitmap at 5767169 (bg #176 + 1), csum 0xa7a283fc
  Inode bitmap at 5767185 (bg #176 + 17), csum 0x4158137f
  Inode table at 5767712-5768223 (bg #176 + 544)
  17777 free blocks, 5279 free inodes, 2913 directories
--
Group 178: (Blocks 5832704-5865471) csum 0xd7dd [ITABLE_ZEROED]
  Block bitmap at 5767170 (bg #176 + 2), csum 0xd621a620
  Inode bitmap at 5767186 (bg #176 + 18), csum 0xdfbed5ee
  Inode table at 5768224-5768735 (bg #176 + 1056)
  16408 free blocks, 5346 free inodes, 2846 directories
--
Group 179: (Blocks 5865472-5898239) csum 0x242c [ITABLE_ZEROED]
  Block bitmap at 5767171 (bg #176 + 3), csum 0x81f00316
  Inode bitmap at 5767187 (bg #176 + 19), csum 0x4dd6cae2
  Inode table at 5768736-5769247 (bg #176 + 1568)
  16159 free blocks, 5527 free inodes, 2665 directories
--
Group 180: (Blocks 5898240-5931007) csum 0x4c4e [ITABLE_ZEROED]
  Block bitmap at 5767172 (bg #176 + 4), csum 0x07e1ee44
  Inode bitmap at 5767188 (bg #176 + 20), csum 0xec174c65
  Inode table at 5769248-5769759 (bg #176 + 2080)
  29385 free blocks, 4120 free inodes, 4072 directories
--
Group 181: (Blocks 5931008-5963775) csum 0x9ec7 [ITABLE_ZEROED]
  Block bitmap at 5767173 (bg #176 + 5), csum 0x6a7c1a59
  Inode bitmap at 5767189 (bg #176 + 21), csum 0x6a18503e
  Inode table at 5769760-5770271 (bg #176 + 2592)
  32768 free blocks, 4125 free inodes, 4067 directories
--
Group 182: (Blocks 5963776-5996543) csum 0x49c5 [ITABLE_ZEROED]
  Block bitmap at 5767174 (bg #176 + 6), csum 0x6a7c1a59
  Inode bitmap at 5767190 (bg #176 + 22), csum 0x902d165d
  Inode table at 5770272-5770783 (bg #176 + 3104)
  32768 free blocks, 4000 free inodes, 4192 directories
--
Group 183: (Blocks 5996544-6029311) csum 0x6a31 [ITABLE_ZEROED]
  Block bitmap at 5767175 (bg #176 + 7), csum 0x6a7c1a59
  Inode bitmap at 5767191 (bg #176 + 23), csum 0x0be79e9d
  Inode table at 5770784-5771295 (bg #176 + 3616)
  32768 free blocks, 4027 free inodes, 4165 directories
--
Group 184: (Blocks 6029312-6062079) csum 0xcf4f [ITABLE_ZEROED]
  Block bitmap at 5767176 (bg #176 + 8), csum 0x6a7c1a59
  Inode bitmap at 5767192 (bg #176 + 24), csum 0xa67189b8
  Inode table at 5771296-5771807 (bg #176 + 4128)
  32768 free blocks, 4129 free inodes, 4063 directories
--
Group 185: (Blocks 6062080-6094847) csum 0x4cf1 [ITABLE_ZEROED]
  Block bitmap at 5767177 (bg #176 + 9), csum 0x6a7c1a59
  Inode bitmap at 5767193 (bg #176 + 25), csum 0x1e5e2e82
  Inode table at 5771808-5772319 (bg #176 + 4640)
  32768 free blocks, 4105 free inodes, 4087 directories
--
Group 186: (Blocks 6094848-6127615) csum 0x344e [ITABLE_ZEROED]
  Block bitmap at 5767178 (bg #176 + 10), csum 0x6a7c1a59
  Inode bitmap at 5767194 (bg #176 + 26), csum 0xe14eedf1
  Inode table at 5772320-5772831 (bg #176 + 5152)
  32768 free blocks, 4147 free inodes, 4045 directories
--
Group 187: (Blocks 6127616-6160383) csum 0xce03 [ITABLE_ZEROED]
  Block bitmap at 5767179 (bg #176 + 11), csum 0x6a7c1a59
  Inode bitmap at 5767195 (bg #176 + 27), csum 0xe2c2be7c
  Inode table at 5772832-5773343 (bg #176 + 5664)
  32768 free blocks, 4000 free inodes, 4192 directories
--
Group 188: (Blocks 6160384-6193151) csum 0xdf0c [ITABLE_ZEROED]
  Block bitmap at 5767180 (bg #176 + 12), csum 0x6a7c1a59
  Inode bitmap at 5767196 (bg #176 + 28), csum 0x96b97d2d
  Inode table at 5773344-5773855 (bg #176 + 6176)
  32768 free blocks, 4049 free inodes, 4143 directories
--
Group 189: (Blocks 6193152-6225919) csum 0xe3ca [ITABLE_ZEROED]
  Block bitmap at 5767181 (bg #176 + 13), csum 0x6a7c1a59
  Inode bitmap at 5767197 (bg #176 + 29), csum 0xa9a9fddf
  Inode table at 5773856-5774367 (bg #176 + 6688)
  32768 free blocks, 4058 free inodes, 4134 directories
--
Group 190: (Blocks 6225920-6258687) csum 0x76b4 [ITABLE_ZEROED]
  Block bitmap at 5767182 (bg #176 + 14), csum 0x6a7c1a59
  Inode bitmap at 5767198 (bg #176 + 30), csum 0xc36c7838
  Inode table at 5774368-5774879 (bg #176 + 7200)
  32768 free blocks, 4057 free inodes, 4135 directories
--
Group 191: (Blocks 6258688-6291455) csum 0x1fda [ITABLE_ZEROED]
  Block bitmap at 5767183 (bg #176 + 15), csum 0x6a7c1a59
  Inode bitmap at 5767199 (bg #176 + 31), csum 0xbb9d3440
  Inode table at 5774880-5775391 (bg #176 + 7712)
  32768 free blocks, 4821 free inodes, 3371 directories, 300 unused inodes
--
Group 192: (Blocks 6291456-6324223) csum 0x1815 [ITABLE_ZEROED]
  Block bitmap at 6291456 (+0), csum 0xb36d269f
  Inode bitmap at 6291472 (+16), csum 0xdac96267
  Inode table at 6291488-6291999 (+32)
  15437 free blocks, 5151 free inodes, 3041 directories
--
Group 193: (Blocks 6324224-6356991) csum 0x01f5 [ITABLE_ZEROED]
  Block bitmap at 6291457 (bg #192 + 1), csum 0x0a6b8ada
  Inode bitmap at 6291473 (bg #192 + 17), csum 0x3b3a536a
  Inode table at 6292000-6292511 (bg #192 + 544)
  17589 free blocks, 5141 free inodes, 3051 directories
--
Group 194: (Blocks 6356992-6389759) csum 0x90f7 [ITABLE_ZEROED]
  Block bitmap at 6291458 (bg #192 + 2), csum 0x120899d4
  Inode bitmap at 6291474 (bg #192 + 18), csum 0x5178ac50
  Inode table at 6292512-6293023 (bg #192 + 1056)
  16279 free blocks, 5163 free inodes, 3029 directories
--
Group 195: (Blocks 6389760-6422527) csum 0xe93f [ITABLE_ZEROED]
  Block bitmap at 6291459 (bg #192 + 3), csum 0x22889f85
  Inode bitmap at 6291475 (bg #192 + 19), csum 0x1a624248
  Inode table at 6293024-6293535 (bg #192 + 1568)
  16569 free blocks, 5332 free inodes, 2860 directories
--
Group 196: (Blocks 6422528-6455295) csum 0xcc84 [ITABLE_ZEROED]
  Block bitmap at 6291460 (bg #192 + 4), csum 0x5d8c3126
  Inode bitmap at 6291476 (bg #192 + 20), csum 0xaa79824a
  Inode table at 6293536-6294047 (bg #192 + 2080)
  29306 free blocks, 4098 free inodes, 4094 directories
--
Group 197: (Blocks 6455296-6488063) csum 0x9041 [ITABLE_ZEROED]
  Block bitmap at 6291461 (bg #192 + 5), csum 0x6a7c1a59
  Inode bitmap at 6291477 (bg #192 + 21), csum 0x1b453932
  Inode table at 6294048-6294559 (bg #192 + 2592)
  32768 free blocks, 4056 free inodes, 4136 directories
--
Group 198: (Blocks 6488064-6520831) csum 0xb6a7 [ITABLE_ZEROED]
  Block bitmap at 6291462 (bg #192 + 6), csum 0x6a7c1a59
  Inode bitmap at 6291478 (bg #192 + 22), csum 0xdd6fb3ed
  Inode table at 6294560-6295071 (bg #192 + 3104)
  32768 free blocks, 4099 free inodes, 4093 directories
--
Group 199: (Blocks 6520832-6553599) csum 0x42a9 [ITABLE_ZEROED]
  Block bitmap at 6291463 (bg #192 + 7), csum 0x6a7c1a59
  Inode bitmap at 6291479 (bg #192 + 23), csum 0xbd2f5987
  Inode table at 6295072-6295583 (bg #192 + 3616)
  32768 free blocks, 4009 free inodes, 4183 directories
--
Group 200: (Blocks 6553600-6586367) csum 0xa386 [ITABLE_ZEROED]
  Block bitmap at 6291464 (bg #192 + 8), csum 0x6a7c1a59
  Inode bitmap at 6291480 (bg #192 + 24), csum 0x4fba5ab7
  Inode table at 6295584-6296095 (bg #192 + 4128)
  32768 free blocks, 4142 free inodes, 4050 directories
--
Group 201: (Blocks 6586368-6619135) csum 0xe05c [ITABLE_ZEROED]
  Block bitmap at 6291465 (bg #192 + 9), csum 0x6a7c1a59
  Inode bitmap at 6291481 (bg #192 + 25), csum 0x2a6463b0
  Inode table at 6296096-6296607 (bg #192 + 4640)
  32768 free blocks, 4091 free inodes, 4101 directories
--
Group 202: (Blocks 6619136-6651903) csum 0xa2eb [ITABLE_ZEROED]
  Block bitmap at 6291466 (bg #192 + 10), csum 0x6a7c1a59
  Inode bitmap at 6291482 (bg #192 + 26), csum 0x6c265207
  Inode table at 6296608-6297119 (bg #192 + 5152)
  32768 free blocks, 4041 free inodes, 4151 directories
--
Group 203: (Blocks 6651904-6684671) csum 0x91f5 [ITABLE_ZEROED]
  Block bitmap at 6291467 (bg #192 + 11), csum 0x6a7c1a59
  Inode bitmap at 6291483 (bg #192 + 27), csum 0xdd536d01
  Inode table at 6297120-6297631 (bg #192 + 5664)
  32768 free blocks, 4192 free inodes, 4000 directories
--
Group 204: (Blocks 6684672-6717439) csum 0x6fb9 [ITABLE_ZEROED]
  Block bitmap at 6291468 (bg #192 + 12), csum 0x6a7c1a59
  Inode bitmap at 6291484 (bg #192 + 28), csum 0x6b7ee474
  Inode table at 6297632-6298143 (bg #192 + 6176)
  32768 free blocks, 4167 free inodes, 4025 directories
--
Group 205: (Blocks 6717440-6750207) csum 0x76d2 [ITABLE_ZEROED]
  Block bitmap at 6291469 (bg #192 + 13), csum 0x6a7c1a59
  Inode bitmap at 6291485 (bg #192 + 29), csum 0xd143ca63
  Inode table at 6298144-6298655 (bg #192 + 6688)
  32768 free blocks, 4119 free inodes, 4073 directories
--
Group 206: (Blocks 6750208-6782975) csum 0x7f1f [ITABLE_ZEROED]
  Block bitmap at 6291470 (bg #192 + 14), csum 0x6a7c1a59
  Inode bitmap at 6291486 (bg #192 + 30), csum 0xd47a0b3f
  Inode table at 6298656-6299167 (bg #192 + 7200)
  32768 free blocks, 4088 free inodes, 4104 directories
--
Group 207: (Blocks 6782976-6815743) csum 0xa6df [ITABLE_ZEROED]
  Block bitmap at 6291471 (bg #192 + 15), csum 0x6a7c1a59
  Inode bitmap at 6291487 (bg #192 + 31), csum 0xd1aa3ad6
  Inode table at 6299168-6299679 (bg #192 + 7712)
  32768 free blocks, 4747 free inodes, 3445 directories, 300 unused inodes
--
Group 208: (Blocks 6815744-6848511) csum 0x4bd8 [ITABLE_ZEROED]
  Block bitmap at 6815744 (+0), csum 0xe0b57c49
  Inode bitmap at 6815760 (+16), csum 0x2d87287c
  Inode table at 6815776-6816287 (+32)
  15682 free blocks, 5131 free inodes, 3061 directories
--
Group 209: (Blocks 6848512-6881279) csum 0xc46d [ITABLE_ZEROED]
  Block bitmap at 6815745 (bg #208 + 1), csum 0xa9ab9f79
  Inode bitmap at 6815761 (bg #208 + 17), csum 0xba25277c
  Inode table at 6816288-6816799 (bg #208 + 544)
  17636 free blocks, 5295 free inodes, 2897 directories
--
Group 210: (Blocks 6881280-6914047) csum 0x7ebf [ITABLE_ZEROED]
  Block bitmap at 6815746 (bg #208 + 2), csum 0xe9ce135b
  Inode bitmap at 6815762 (bg #208 + 18), csum 0xa3ee4011
  Inode table at 6816800-6817311 (bg #208 + 1056)
  16348 free blocks, 5277 free inodes, 2915 directories
--
Group 211: (Blocks 6914048-6946815) csum 0x3ec8 [ITABLE_ZEROED]
  Block bitmap at 6815747 (bg #208 + 3), csum 0x4099fd63
  Inode bitmap at 6815763 (bg #208 + 19), csum 0x2b036569
  Inode table at 6817312-6817823 (bg #208 + 1568)
  16538 free blocks, 5338 free inodes, 2854 directories
--
Group 212: (Blocks 6946816-6979583) csum 0x5ef5 [ITABLE_ZEROED]
  Block bitmap at 6815748 (bg #208 + 4), csum 0x1324d91e
  Inode bitmap at 6815764 (bg #208 + 20), csum 0x0890f436
  Inode table at 6817824-6818335 (bg #208 + 2080)
  29196 free blocks, 4104 free inodes, 4088 directories
--
Group 213: (Blocks 6979584-7012351) csum 0x1b95 [ITABLE_ZEROED]
  Block bitmap at 6815749 (bg #208 + 5), csum 0x6a7c1a59
  Inode bitmap at 6815765 (bg #208 + 21), csum 0x8b5264a6
  Inode table at 6818336-6818847 (bg #208 + 2592)
  32768 free blocks, 4138 free inodes, 4054 directories
--
Group 214: (Blocks 7012352-7045119) csum 0xc198 [ITABLE_ZEROED]
  Block bitmap at 6815750 (bg #208 + 6), csum 0x6a7c1a59
  Inode bitmap at 6815766 (bg #208 + 22), csum 0x9f755c9b
  Inode table at 6818848-6819359 (bg #208 + 3104)
  32768 free blocks, 4050 free inodes, 4142 directories
--
Group 215: (Blocks 7045120-7077887) csum 0xd796 [ITABLE_ZEROED]
  Block bitmap at 6815751 (bg #208 + 7), csum 0x6a7c1a59
  Inode bitmap at 6815767 (bg #208 + 23), csum 0x1b4a5cba
  Inode table at 6819360-6819871 (bg #208 + 3616)
  32768 free blocks, 4066 free inodes, 4126 directories
--
Group 216: (Blocks 7077888-7110655) csum 0xfc51 [ITABLE_ZEROED]
  Block bitmap at 6815752 (bg #208 + 8), csum 0x6a7c1a59
  Inode bitmap at 6815768 (bg #208 + 24), csum 0x1dbb4d18
  Inode table at 6819872-6820383 (bg #208 + 4128)
  32768 free blocks, 4084 free inodes, 4108 directories
--
Group 217: (Blocks 7110656-7143423) csum 0x04df [ITABLE_ZEROED]
  Block bitmap at 6815753 (bg #208 + 9), csum 0x6a7c1a59
  Inode bitmap at 6815769 (bg #208 + 25), csum 0x44532a4f
  Inode table at 6820384-6820895 (bg #208 + 4640)
  32768 free blocks, 4090 free inodes, 4102 directories
--
Group 218: (Blocks 7143424-7176191) csum 0xff42 [ITABLE_ZEROED]
  Block bitmap at 6815754 (bg #208 + 10), csum 0x6a7c1a59
  Inode bitmap at 6815770 (bg #208 + 26), csum 0x30828788
  Inode table at 6820896-6821407 (bg #208 + 5152)
  32768 free blocks, 4104 free inodes, 4088 directories
--
Group 219: (Blocks 7176192-7208959) csum 0xea18 [ITABLE_ZEROED]
  Block bitmap at 6815755 (bg #208 + 11), csum 0x6a7c1a59
  Inode bitmap at 6815771 (bg #208 + 27), csum 0x20253305
  Inode table at 6821408-6821919 (bg #208 + 5664)
  32768 free blocks, 4198 free inodes, 3994 directories
--
Group 220: (Blocks 7208960-7241727) csum 0x38ef [ITABLE_ZEROED]
  Block bitmap at 6815756 (bg #208 + 12), csum 0x6a7c1a59
  Inode bitmap at 6815772 (bg #208 + 28), csum 0x1782bc6d
  Inode table at 6821920-6822431 (bg #208 + 6176)
  32768 free blocks, 4136 free inodes, 4056 directories
--
Group 221: (Blocks 7241728-7274495) csum 0xf502 [ITABLE_ZEROED]
  Block bitmap at 6815757 (bg #208 + 13), csum 0x6a7c1a59
  Inode bitmap at 6815773 (bg #208 + 29), csum 0xf8efe85e
  Inode table at 6822432-6822943 (bg #208 + 6688)
  32768 free blocks, 4135 free inodes, 4057 directories
--
Group 222: (Blocks 7274496-7307263) csum 0xcfbb [ITABLE_ZEROED]
  Block bitmap at 6815758 (bg #208 + 14), csum 0x6a7c1a59
  Inode bitmap at 6815774 (bg #208 + 30), csum 0x98e4e20e
  Inode table at 6822944-6823455 (bg #208 + 7200)
  32768 free blocks, 4078 free inodes, 4114 directories
--
Group 223: (Blocks 7307264-7340031) csum 0x916b [ITABLE_ZEROED]
  Block bitmap at 6815759 (bg #208 + 15), csum 0x6a7c1a59
  Inode bitmap at 6815775 (bg #208 + 31), csum 0x8134b42c
  Inode table at 6823456-6823967 (bg #208 + 7712)
  32768 free blocks, 4632 free inodes, 3560 directories, 300 unused inodes
--
Group 224: (Blocks 7340032-7372799) csum 0xca24 [ITABLE_ZEROED]
  Block bitmap at 7340032 (+0), csum 0x96fa9c7d
  Inode bitmap at 7340048 (+16), csum 0x4c6f7e99
  Inode table at 7340064-7340575 (+32)
  15614 free blocks, 5115 free inodes, 3077 directories
--
Group 225: (Blocks 7372800-7405567) csum 0xb523 [ITABLE_ZEROED]
  Block bitmap at 7340033 (bg #224 + 1), csum 0xa9532435
  Inode bitmap at 7340049 (bg #224 + 17), csum 0xabde1984
  Inode table at 7340576-7341087 (bg #224 + 544)
  17406 free blocks, 5248 free inodes, 2944 directories
--
Group 226: (Blocks 7405568-7438335) csum 0x60a9 [ITABLE_ZEROED]
  Block bitmap at 7340034 (bg #224 + 2), csum 0x75d57be4
  Inode bitmap at 7340050 (bg #224 + 18), csum 0xfb6fd704
  Inode table at 7341088-7341599 (bg #224 + 1056)
  16320 free blocks, 5272 free inodes, 2920 directories
--
Group 227: (Blocks 7438336-7471103) csum 0xfce7 [ITABLE_ZEROED]
  Block bitmap at 7340035 (bg #224 + 3), csum 0x69836d39
  Inode bitmap at 7340051 (bg #224 + 19), csum 0x9685dc59
  Inode table at 7341600-7342111 (bg #224 + 1568)
  16348 free blocks, 5236 free inodes, 2956 directories
--
Group 228: (Blocks 7471104-7503871) csum 0xee41 [ITABLE_ZEROED]
  Block bitmap at 7340036 (bg #224 + 4), csum 0xf62eaba3
  Inode bitmap at 7340052 (bg #224 + 20), csum 0x478ce681
  Inode table at 7342112-7342623 (bg #224 + 2080)
  29203 free blocks, 4050 free inodes, 4142 directories
--
Group 229: (Blocks 7503872-7536639) csum 0x573f [ITABLE_ZEROED]
  Block bitmap at 7340037 (bg #224 + 5), csum 0x6a7c1a59
  Inode bitmap at 7340053 (bg #224 + 21), csum 0xd6b178a0
  Inode table at 7342624-7343135 (bg #224 + 2592)
  32768 free blocks, 4117 free inodes, 4075 directories
--
Group 230: (Blocks 7536640-7569407) csum 0x40e6 [ITABLE_ZEROED]
  Block bitmap at 7340038 (bg #224 + 6), csum 0x6a7c1a59
  Inode bitmap at 7340054 (bg #224 + 22), csum 0x807345a1
  Inode table at 7343136-7343647 (bg #224 + 3104)
  32768 free blocks, 3996 free inodes, 4196 directories
--
Group 231: (Blocks 7569408-7602175) csum 0x9a5b [ITABLE_ZEROED]
  Block bitmap at 7340039 (bg #224 + 7), csum 0x6a7c1a59
  Inode bitmap at 7340055 (bg #224 + 23), csum 0xb86f38f6
  Inode table at 7343648-7344159 (bg #224 + 3616)
  32768 free blocks, 4079 free inodes, 4113 directories
--
Group 232: (Blocks 7602176-7634943) csum 0x6403 [ITABLE_ZEROED]
  Block bitmap at 7340040 (bg #224 + 8), csum 0x6a7c1a59
  Inode bitmap at 7340056 (bg #224 + 24), csum 0xf95707c9
  Inode table at 7344160-7344671 (bg #224 + 4128)
  32768 free blocks, 4066 free inodes, 4126 directories
--
Group 233: (Blocks 7634944-7667711) csum 0x2bf3 [ITABLE_ZEROED]
  Block bitmap at 7340041 (bg #224 + 9), csum 0x6a7c1a59
  Inode bitmap at 7340057 (bg #224 + 25), csum 0xd3bd86c7
  Inode table at 7344672-7345183 (bg #224 + 4640)
  32768 free blocks, 4085 free inodes, 4107 directories
--
Group 234: (Blocks 7667712-7700479) csum 0x5be8 [ITABLE_ZEROED]
  Block bitmap at 7340042 (bg #224 + 10), csum 0x6a7c1a59
  Inode bitmap at 7340058 (bg #224 + 26), csum 0xc06bb1b0
  Inode table at 7345184-7345695 (bg #224 + 5152)
  32768 free blocks, 4090 free inodes, 4102 directories
--
Group 235: (Blocks 7700480-7733247) csum 0x2cf7 [ITABLE_ZEROED]
  Block bitmap at 7340043 (bg #224 + 11), csum 0x6a7c1a59
  Inode bitmap at 7340059 (bg #224 + 27), csum 0x600605e1
  Inode table at 7345696-7346207 (bg #224 + 5664)
  32768 free blocks, 4096 free inodes, 4096 directories
--
Group 236: (Blocks 7733248-7766015) csum 0x6066 [ITABLE_ZEROED]
  Block bitmap at 7340044 (bg #224 + 12), csum 0x6a7c1a59
  Inode bitmap at 7340060 (bg #224 + 28), csum 0x9f288b18
  Inode table at 7346208-7346719 (bg #224 + 6176)
  32768 free blocks, 4046 free inodes, 4146 directories
--
Group 237: (Blocks 7766016-7798783) csum 0xfda8 [ITABLE_ZEROED]
  Block bitmap at 7340045 (bg #224 + 13), csum 0x6a7c1a59
  Inode bitmap at 7340061 (bg #224 + 29), csum 0xef4d07bb
  Inode table at 7346720-7347231 (bg #224 + 6688)
  32768 free blocks, 4040 free inodes, 4152 directories
--
Group 238: (Blocks 7798784-7831551) csum 0x1c09 [ITABLE_ZEROED]
  Block bitmap at 7340046 (bg #224 + 14), csum 0x6a7c1a59
  Inode bitmap at 7340062 (bg #224 + 30), csum 0xff043c4d
  Inode table at 7347232-7347743 (bg #224 + 7200)
  32768 free blocks, 4169 free inodes, 4023 directories
--
Group 239: (Blocks 7831552-7864319) csum 0xe25b [ITABLE_ZEROED]
  Block bitmap at 7340047 (bg #224 + 15), csum 0x6a7c1a59
  Inode bitmap at 7340063 (bg #224 + 31), csum 0x3e6b8e88
  Inode table at 7347744-7348255 (bg #224 + 7712)
  32768 free blocks, 4642 free inodes, 3550 directories, 300 unused inodes
--
Group 240: (Blocks 7864320-7897087) csum 0x83b1 [ITABLE_ZEROED]
  Block bitmap at 7864320 (+0), csum 0xd8121a2b
  Inode bitmap at 7864336 (+16), csum 0xaf979e6d
  Inode table at 7864352-7864863 (+32)
  15823 free blocks, 5249 free inodes, 2943 directories
--
Group 241: (Blocks 7897088-7929855) csum 0x3269 [ITABLE_ZEROED]
  Block bitmap at 7864321 (bg #240 + 1), csum 0xffee4aaa
  Inode bitmap at 7864337 (bg #240 + 17), csum 0xc5e2b78e
  Inode table at 7864864-7865375 (bg #240 + 544)
  17663 free blocks, 5376 free inodes, 2816 directories
--
Group 242: (Blocks 7929856-7962623) csum 0xc978 [ITABLE_ZEROED]
  Block bitmap at 7864322 (bg #240 + 2), csum 0x433c5423
  Inode bitmap at 7864338 (bg #240 + 18), csum 0xbebf5589
  Inode table at 7865376-7865887 (bg #240 + 1056)
  16225 free blocks, 5218 free inodes, 2974 directories
--
Group 243: (Blocks 7962624-7995391) csum 0xaa0b [ITABLE_ZEROED]
  Backup superblock at 7962624, Group descriptors at 7962625-7962640
  Reserved GDT blocks at 7962641-7963664
  Block bitmap at 7864323 (bg #240 + 3), csum 0x5a6e35ba
  Inode bitmap at 7864339 (bg #240 + 19), csum 0x7cbd7860
  Inode table at 7865888-7866399 (bg #240 + 1568)
--
Group 244: (Blocks 7995392-8028159) csum 0x2bc5 [ITABLE_ZEROED]
  Block bitmap at 7864324 (bg #240 + 4), csum 0x9cbd4461
  Inode bitmap at 7864340 (bg #240 + 20), csum 0xe308fd34
  Inode table at 7866400-7866911 (bg #240 + 2080)
  28949 free blocks, 4136 free inodes, 4056 directories
--
Group 245: (Blocks 8028160-8060927) csum 0x4538 [ITABLE_ZEROED]
  Block bitmap at 7864325 (bg #240 + 5), csum 0x6a7c1a59
  Inode bitmap at 7864341 (bg #240 + 21), csum 0x39071d0e
  Inode table at 7866912-7867423 (bg #240 + 2592)
  32768 free blocks, 4080 free inodes, 4112 directories
--
Group 246: (Blocks 8060928-8093695) csum 0x9fda [ITABLE_ZEROED]
  Block bitmap at 7864326 (bg #240 + 6), csum 0x6a7c1a59
  Inode bitmap at 7864342 (bg #240 + 22), csum 0x75bb48a1
  Inode table at 7867424-7867935 (bg #240 + 3104)
  32768 free blocks, 4048 free inodes, 4144 directories
--
Group 247: (Blocks 8093696-8126463) csum 0x3c07 [ITABLE_ZEROED]
  Block bitmap at 7864327 (bg #240 + 7), csum 0x6a7c1a59
  Inode bitmap at 7864343 (bg #240 + 23), csum 0xb86d95e8
  Inode table at 7867936-7868447 (bg #240 + 3616)
  32768 free blocks, 4061 free inodes, 4131 directories
--
Group 248: (Blocks 8126464-8159231) csum 0xf011 [ITABLE_ZEROED]
  Block bitmap at 7864328 (bg #240 + 8), csum 0x6a7c1a59
  Inode bitmap at 7864344 (bg #240 + 24), csum 0xffde3549
  Inode table at 7868448-7868959 (bg #240 + 4128)
  32768 free blocks, 3999 free inodes, 4193 directories
--
Group 249: (Blocks 8159232-8191999) csum 0x4312 [ITABLE_ZEROED]
  Block bitmap at 7864329 (bg #240 + 9), csum 0x6a7c1a59
  Inode bitmap at 7864345 (bg #240 + 25), csum 0x277c508b
  Inode table at 7868960-7869471 (bg #240 + 4640)
  32768 free blocks, 4083 free inodes, 4109 directories
--
Group 250: (Blocks 8192000-8224767) csum 0xff6f [ITABLE_ZEROED]
  Block bitmap at 7864330 (bg #240 + 10), csum 0x6a7c1a59
  Inode bitmap at 7864346 (bg #240 + 26), csum 0x882fa0a0
  Inode table at 7869472-7869983 (bg #240 + 5152)
  32768 free blocks, 4081 free inodes, 4111 directories
--
Group 251: (Blocks 8224768-8257535) csum 0x3299 [ITABLE_ZEROED]
  Block bitmap at 7864331 (bg #240 + 11), csum 0x6a7c1a59
  Inode bitmap at 7864347 (bg #240 + 27), csum 0x12c4fb5f
  Inode table at 7869984-7870495 (bg #240 + 5664)
  32768 free blocks, 4168 free inodes, 4024 directories
--
Group 252: (Blocks 8257536-8290303) csum 0xb80f [ITABLE_ZEROED]
  Block bitmap at 7864332 (bg #240 + 12), csum 0x6a7c1a59
  Inode bitmap at 7864348 (bg #240 + 28), csum 0xa5813754
  Inode table at 7870496-7871007 (bg #240 + 6176)
  32768 free blocks, 4084 free inodes, 4108 directories
--
Group 253: (Blocks 8290304-8323071) csum 0xb00f [ITABLE_ZEROED]
  Block bitmap at 7864333 (bg #240 + 13), csum 0x6a7c1a59
  Inode bitmap at 7864349 (bg #240 + 29), csum 0x963784e0
  Inode table at 7871008-7871519 (bg #240 + 6688)
  32768 free blocks, 4044 free inodes, 4148 directories
--
Group 254: (Blocks 8323072-8355839) csum 0x92bf [ITABLE_ZEROED]
  Block bitmap at 7864334 (bg #240 + 14), csum 0x6a7c1a59
  Inode bitmap at 7864350 (bg #240 + 30), csum 0xed4b521b
  Inode table at 7871520-7872031 (bg #240 + 7200)
  32768 free blocks, 4155 free inodes, 4037 directories
--
Group 255: (Blocks 8355840-8388607) csum 0xb5eb [ITABLE_ZEROED]
  Block bitmap at 7864335 (bg #240 + 15), csum 0x6a7c1a59
  Inode bitmap at 7864351 (bg #240 + 31), csum 0x32b83bfc
  Inode table at 7872032-7872543 (bg #240 + 7712)
  32768 free blocks, 4898 free inodes, 3294 directories, 300 unused inodes
--
Group 256: (Blocks 8388608-8421375) csum 0x1b63 [ITABLE_ZEROED]
  Block bitmap at 8388608 (+0), csum 0x3c4f763f
  Inode bitmap at 8388624 (+16), csum 0x76d1d44f
  Inode table at 8388640-8389151 (+32)
  15960 free blocks, 5104 free inodes, 3088 directories
--
Group 257: (Blocks 8421376-8454143) csum 0xeccd [ITABLE_ZEROED]
  Block bitmap at 8388609 (bg #256 + 1), csum 0x5ffdd5b4
  Inode bitmap at 8388625 (bg #256 + 17), csum 0x4a263afa
  Inode table at 8389152-8389663 (bg #256 + 544)
  17712 free blocks, 5504 free inodes, 2688 directories
--
Group 258: (Blocks 8454144-8486911) csum 0x2770 [ITABLE_ZEROED]
  Block bitmap at 8388610 (bg #256 + 2), csum 0xdc611f7f
  Inode bitmap at 8388626 (bg #256 + 18), csum 0xfe2afc73
  Inode table at 8389664-8390175 (bg #256 + 1056)
  16430 free blocks, 5373 free inodes, 2819 directories
--
Group 259: (Blocks 8486912-8519679) csum 0x1407 [ITABLE_ZEROED]
  Block bitmap at 8388611 (bg #256 + 3), csum 0x40f36ddc
  Inode bitmap at 8388627 (bg #256 + 19), csum 0xbdcd6237
  Inode table at 8390176-8390687 (bg #256 + 1568)
  16389 free blocks, 5353 free inodes, 2839 directories
--
Group 260: (Blocks 8519680-8552447) csum 0x7fb8 [ITABLE_ZEROED]
  Block bitmap at 8388612 (bg #256 + 4), csum 0xcfb9c00f
  Inode bitmap at 8388628 (bg #256 + 20), csum 0xd01aec2c
  Inode table at 8390688-8391199 (bg #256 + 2080)
  29593 free blocks, 4158 free inodes, 4034 directories
--
Group 261: (Blocks 8552448-8585215) csum 0x0060 [ITABLE_ZEROED]
  Block bitmap at 8388613 (bg #256 + 5), csum 0x6a7c1a59
  Inode bitmap at 8388629 (bg #256 + 21), csum 0xfc91d27e
  Inode table at 8391200-8391711 (bg #256 + 2592)
  32768 free blocks, 4059 free inodes, 4133 directories
--
Group 262: (Blocks 8585216-8617983) csum 0x4d69 [ITABLE_ZEROED]
  Block bitmap at 8388614 (bg #256 + 6), csum 0x6a7c1a59
  Inode bitmap at 8388630 (bg #256 + 22), csum 0xdc5e5d31
  Inode table at 8391712-8392223 (bg #256 + 3104)
  32768 free blocks, 4136 free inodes, 4056 directories
--
Group 263: (Blocks 8617984-8650751) csum 0x4aeb [ITABLE_ZEROED]
  Block bitmap at 8388615 (bg #256 + 7), csum 0x6a7c1a59
  Inode bitmap at 8388631 (bg #256 + 23), csum 0xf63ca782
  Inode table at 8392224-8392735 (bg #256 + 3616)
  32768 free blocks, 4087 free inodes, 4105 directories
--
Group 264: (Blocks 8650752-8683519) csum 0x53e2 [ITABLE_ZEROED]
  Block bitmap at 8388616 (bg #256 + 8), csum 0x6a7c1a59
  Inode bitmap at 8388632 (bg #256 + 24), csum 0x962c5dbf
  Inode table at 8392736-8393247 (bg #256 + 4128)
  32768 free blocks, 4107 free inodes, 4085 directories
--
Group 265: (Blocks 8683520-8716287) csum 0x5d6d [ITABLE_ZEROED]
  Block bitmap at 8388617 (bg #256 + 9), csum 0x6a7c1a59
  Inode bitmap at 8388633 (bg #256 + 25), csum 0x3e70facb
  Inode table at 8393248-8393759 (bg #256 + 4640)
  32768 free blocks, 4101 free inodes, 4091 directories
--
Group 266: (Blocks 8716288-8749055) csum 0x265f [ITABLE_ZEROED]
  Block bitmap at 8388618 (bg #256 + 10), csum 0x6a7c1a59
  Inode bitmap at 8388634 (bg #256 + 26), csum 0x12c356c9
  Inode table at 8393760-8394271 (bg #256 + 5152)
  32768 free blocks, 4132 free inodes, 4060 directories
--
Group 267: (Blocks 8749056-8781823) csum 0xbe55 [ITABLE_ZEROED]
  Block bitmap at 8388619 (bg #256 + 11), csum 0x6a7c1a59
  Inode bitmap at 8388635 (bg #256 + 27), csum 0x3af1a233
  Inode table at 8394272-8394783 (bg #256 + 5664)
  32768 free blocks, 4088 free inodes, 4104 directories
--
Group 268: (Blocks 8781824-8814591) csum 0xd1a4 [ITABLE_ZEROED]
  Block bitmap at 8388620 (bg #256 + 12), csum 0x6a7c1a59
  Inode bitmap at 8388636 (bg #256 + 28), csum 0xc54bcb8a
  Inode table at 8394784-8395295 (bg #256 + 6176)
  32768 free blocks, 4078 free inodes, 4114 directories
--
Group 269: (Blocks 8814592-8847359) csum 0xa156 [ITABLE_ZEROED]
  Block bitmap at 8388621 (bg #256 + 13), csum 0x6a7c1a59
  Inode bitmap at 8388637 (bg #256 + 29), csum 0x1a28bcef
  Inode table at 8395296-8395807 (bg #256 + 6688)
  32768 free blocks, 4149 free inodes, 4043 directories
--
Group 270: (Blocks 8847360-8880127) csum 0x2ff9 [ITABLE_ZEROED]
  Block bitmap at 8388622 (bg #256 + 14), csum 0x6a7c1a59
  Inode bitmap at 8388638 (bg #256 + 30), csum 0x074f7430
  Inode table at 8395808-8396319 (bg #256 + 7200)
  32768 free blocks, 4080 free inodes, 4112 directories
--
Group 271: (Blocks 8880128-8912895) csum 0x8eb7 [ITABLE_ZEROED]
  Block bitmap at 8388623 (bg #256 + 15), csum 0x6a7c1a59
  Inode bitmap at 8388639 (bg #256 + 31), csum 0x4725b9e6
  Inode table at 8396320-8396831 (bg #256 + 7712)
  32768 free blocks, 5031 free inodes, 3161 directories, 300 unused inodes
--
Group 272: (Blocks 8912896-8945663) csum 0xe307 [ITABLE_ZEROED]
  Block bitmap at 8912896 (+0), csum 0x81815f46
  Inode bitmap at 8912912 (+16), csum 0xe850a7a9
  Inode table at 8912928-8913439 (+32)
  15589 free blocks, 5067 free inodes, 3125 directories
--
Group 273: (Blocks 8945664-8978431) csum 0xcf84 [ITABLE_ZEROED]
  Block bitmap at 8912897 (bg #272 + 1), csum 0x789ae634
  Inode bitmap at 8912913 (bg #272 + 17), csum 0xf33348be
  Inode table at 8913440-8913951 (bg #272 + 544)
  17478 free blocks, 5288 free inodes, 2904 directories
--
Group 274: (Blocks 8978432-9011199) csum 0xd5e0 [ITABLE_ZEROED]
  Block bitmap at 8912898 (bg #272 + 2), csum 0x17cf82a8
  Inode bitmap at 8912914 (bg #272 + 18), csum 0xf2f7ef5d
  Inode table at 8913952-8914463 (bg #272 + 1056)
  16623 free blocks, 5254 free inodes, 2938 directories
--
Group 275: (Blocks 9011200-9043967) csum 0x9f7a [ITABLE_ZEROED]
  Block bitmap at 8912899 (bg #272 + 3), csum 0x9165e493
  Inode bitmap at 8912915 (bg #272 + 19), csum 0xb2939d97
  Inode table at 8914464-8914975 (bg #272 + 1568)
  16475 free blocks, 5230 free inodes, 2962 directories
--
Group 276: (Blocks 9043968-9076735) csum 0x0fa7 [ITABLE_ZEROED]
  Block bitmap at 8912900 (bg #272 + 4), csum 0xdf5d612a
  Inode bitmap at 8912916 (bg #272 + 20), csum 0x6ebf2d4b
  Inode table at 8914976-8915487 (bg #272 + 2080)
  30798 free blocks, 4090 free inodes, 4102 directories
--
Group 277: (Blocks 9076736-9109503) csum 0xacbf [ITABLE_ZEROED]
  Block bitmap at 8912901 (bg #272 + 5), csum 0x6a7c1a59
  Inode bitmap at 8912917 (bg #272 + 21), csum 0x795a23e9
  Inode table at 8915488-8915999 (bg #272 + 2592)
  32768 free blocks, 4077 free inodes, 4115 directories
--
Group 278: (Blocks 9109504-9142271) csum 0x0abb [ITABLE_ZEROED]
  Block bitmap at 8912902 (bg #272 + 6), csum 0x6a7c1a59
  Inode bitmap at 8912918 (bg #272 + 22), csum 0xeeef52a9
  Inode table at 8916000-8916511 (bg #272 + 3104)
  32768 free blocks, 4084 free inodes, 4108 directories
--
Group 279: (Blocks 9142272-9175039) csum 0x9f7c [ITABLE_ZEROED]
  Block bitmap at 8912903 (bg #272 + 7), csum 0x6a7c1a59
  Inode bitmap at 8912919 (bg #272 + 23), csum 0x2623e0d1
  Inode table at 8916512-8917023 (bg #272 + 3616)
  32768 free blocks, 4189 free inodes, 4003 directories
--
Group 280: (Blocks 9175040-9207807) csum 0x32af [ITABLE_ZEROED]
  Block bitmap at 8912904 (bg #272 + 8), csum 0x6a7c1a59
  Inode bitmap at 8912920 (bg #272 + 24), csum 0xbb4c6c31
  Inode table at 8917024-8917535 (bg #272 + 4128)
  32768 free blocks, 4142 free inodes, 4050 directories
--
Group 281: (Blocks 9207808-9240575) csum 0x7cb7 [ITABLE_ZEROED]
  Block bitmap at 8912905 (bg #272 + 9), csum 0x6a7c1a59
  Inode bitmap at 8912921 (bg #272 + 25), csum 0x9fe11ccd
  Inode table at 8917536-8918047 (bg #272 + 4640)
  32768 free blocks, 4166 free inodes, 4026 directories
--
Group 282: (Blocks 9240576-9273343) csum 0xa446 [ITABLE_ZEROED]
  Block bitmap at 8912906 (bg #272 + 10), csum 0x6a7c1a59
  Inode bitmap at 8912922 (bg #272 + 26), csum 0x88adceb0
  Inode table at 8918048-8918559 (bg #272 + 5152)
  32768 free blocks, 4123 free inodes, 4069 directories
--
Group 283: (Blocks 9273344-9306111) csum 0x730e [ITABLE_ZEROED]
  Block bitmap at 8912907 (bg #272 + 11), csum 0x6a7c1a59
  Inode bitmap at 8912923 (bg #272 + 27), csum 0x11a80ea7
  Inode table at 8918560-8919071 (bg #272 + 5664)
  32768 free blocks, 4097 free inodes, 4095 directories
--
Group 284: (Blocks 9306112-9338879) csum 0x6dad [ITABLE_ZEROED]
  Block bitmap at 8912908 (bg #272 + 12), csum 0x6a7c1a59
  Inode bitmap at 8912924 (bg #272 + 28), csum 0x4e9a5c80
  Inode table at 8919072-8919583 (bg #272 + 6176)
  32768 free blocks, 4073 free inodes, 4119 directories
--
Group 285: (Blocks 9338880-9371647) csum 0x8059 [ITABLE_ZEROED]
  Block bitmap at 8912909 (bg #272 + 13), csum 0x6a7c1a59
  Inode bitmap at 8912925 (bg #272 + 29), csum 0xae216915
  Inode table at 8919584-8920095 (bg #272 + 6688)
  32768 free blocks, 4180 free inodes, 4012 directories
--
Group 286: (Blocks 9371648-9404415) csum 0x7d0d [ITABLE_ZEROED]
  Block bitmap at 8912910 (bg #272 + 14), csum 0x6a7c1a59
  Inode bitmap at 8912926 (bg #272 + 30), csum 0x681a3dd0
  Inode table at 8920096-8920607 (bg #272 + 7200)
  32768 free blocks, 4116 free inodes, 4076 directories
--
Group 287: (Blocks 9404416-9437183) csum 0x0101 [ITABLE_ZEROED]
  Block bitmap at 8912911 (bg #272 + 15), csum 0x6a7c1a59
  Inode bitmap at 8912927 (bg #272 + 31), csum 0xf2116bcb
  Inode table at 8920608-8921119 (bg #272 + 7712)
  32768 free blocks, 6243 free inodes, 1949 directories, 4219 unused inodes
--
Group 288: (Blocks 9437184-9469951) csum 0x683f [ITABLE_ZEROED]
  Block bitmap at 9437184 (+0), csum 0x5878433d
  Inode bitmap at 9437200 (+16), csum 0xfd463720
  Inode table at 9437216-9437727 (+32)
  15541 free blocks, 4994 free inodes, 3198 directories
--
Group 289: (Blocks 9469952-9502719) csum 0x8e02 [ITABLE_ZEROED]
  Block bitmap at 9437185 (bg #288 + 1), csum 0x958db07a
  Inode bitmap at 9437201 (bg #288 + 17), csum 0xe4c9f378
  Inode table at 9437728-9438239 (bg #288 + 544)
  17504 free blocks, 5170 free inodes, 3022 directories
--
Group 290: (Blocks 9502720-9535487) csum 0xf04b [ITABLE_ZEROED]
  Block bitmap at 9437186 (bg #288 + 2), csum 0x3ca17ba1
  Inode bitmap at 9437202 (bg #288 + 18), csum 0xbb547c84
  Inode table at 9438240-9438751 (bg #288 + 1056)
  16456 free blocks, 5398 free inodes, 2794 directories
--
Group 291: (Blocks 9535488-9568255) csum 0x9992 [ITABLE_ZEROED]
  Block bitmap at 9437187 (bg #288 + 3), csum 0x88958711
  Inode bitmap at 9437203 (bg #288 + 19), csum 0xa7a69d55
  Inode table at 9438752-9439263 (bg #288 + 1568)
  16444 free blocks, 5330 free inodes, 2862 directories
--
Group 292: (Blocks 9568256-9601023) csum 0x22e8 [ITABLE_ZEROED]
  Block bitmap at 9437188 (bg #288 + 4), csum 0x39ab676a
  Inode bitmap at 9437204 (bg #288 + 20), csum 0xa95ebdc1
  Inode table at 9439264-9439775 (bg #288 + 2080)
  30794 free blocks, 4106 free inodes, 4086 directories
--
Group 293: (Blocks 9601024-9633791) csum 0xaf0d [ITABLE_ZEROED]
  Block bitmap at 9437189 (bg #288 + 5), csum 0x6a7c1a59
  Inode bitmap at 9437205 (bg #288 + 21), csum 0x2466246f
  Inode table at 9439776-9440287 (bg #288 + 2592)
  32768 free blocks, 4014 free inodes, 4178 directories
--
Group 294: (Blocks 9633792-9666559) csum 0xb459 [ITABLE_ZEROED]
  Block bitmap at 9437190 (bg #288 + 6), csum 0x6a7c1a59
  Inode bitmap at 9437206 (bg #288 + 22), csum 0x3c934d07
  Inode table at 9440288-9440799 (bg #288 + 3104)
  32768 free blocks, 4047 free inodes, 4145 directories
--
Group 295: (Blocks 9666560-9699327) csum 0x03c2 [ITABLE_ZEROED]
  Block bitmap at 9437191 (bg #288 + 7), csum 0x6a7c1a59
  Inode bitmap at 9437207 (bg #288 + 23), csum 0x11da9bdc
  Inode table at 9440800-9441311 (bg #288 + 3616)
  32768 free blocks, 4095 free inodes, 4097 directories
--
Group 296: (Blocks 9699328-9732095) csum 0x58d8 [ITABLE_ZEROED]
  Block bitmap at 9437192 (bg #288 + 8), csum 0x6a7c1a59
  Inode bitmap at 9437208 (bg #288 + 24), csum 0x6a3d0e65
  Inode table at 9441312-9441823 (bg #288 + 4128)
  32768 free blocks, 4134 free inodes, 4058 directories
--
Group 297: (Blocks 9732096-9764863) csum 0xc6a8 [ITABLE_ZEROED]
  Block bitmap at 9437193 (bg #288 + 9), csum 0x6a7c1a59
  Inode bitmap at 9437209 (bg #288 + 25), csum 0x7324a383
  Inode table at 9441824-9442335 (bg #288 + 4640)
  32768 free blocks, 4086 free inodes, 4106 directories
--
Group 298: (Blocks 9764864-9797631) csum 0x7e5c [ITABLE_ZEROED]
  Block bitmap at 9437194 (bg #288 + 10), csum 0x6a7c1a59
  Inode bitmap at 9437210 (bg #288 + 26), csum 0x01131179
  Inode table at 9442336-9442847 (bg #288 + 5152)
  32768 free blocks, 4143 free inodes, 4049 directories
--
Group 299: (Blocks 9797632-9830399) csum 0x6f9a [ITABLE_ZEROED]
  Block bitmap at 9437195 (bg #288 + 11), csum 0x6a7c1a59
  Inode bitmap at 9437211 (bg #288 + 27), csum 0xe3a7bd48
  Inode table at 9442848-9443359 (bg #288 + 5664)
  32768 free blocks, 4088 free inodes, 4104 directories
--
Group 300: (Blocks 9830400-9863167) csum 0xb2e4 [ITABLE_ZEROED]
  Block bitmap at 9437196 (bg #288 + 12), csum 0x6a7c1a59
  Inode bitmap at 9437212 (bg #288 + 28), csum 0xc96fdad1
  Inode table at 9443360-9443871 (bg #288 + 6176)
  32768 free blocks, 4163 free inodes, 4029 directories
--
Group 301: (Blocks 9863168-9895935) csum 0xc7ae [ITABLE_ZEROED]
  Block bitmap at 9437197 (bg #288 + 13), csum 0x6a7c1a59
  Inode bitmap at 9437213 (bg #288 + 29), csum 0xb2152438
  Inode table at 9443872-9444383 (bg #288 + 6688)
  32768 free blocks, 4108 free inodes, 4084 directories
--
Group 302: (Blocks 9895936-9928703) csum 0x74e7 [ITABLE_ZEROED]
  Block bitmap at 9437198 (bg #288 + 14), csum 0x6a7c1a59
  Inode bitmap at 9437214 (bg #288 + 30), csum 0xf8841c4a
  Inode table at 9444384-9444895 (bg #288 + 7200)
  32768 free blocks, 4081 free inodes, 4111 directories
--
Group 303: (Blocks 9928704-9961471) csum 0xa7e2 [ITABLE_ZEROED]
  Block bitmap at 9437199 (bg #288 + 15), csum 0x6a7c1a59
  Inode bitmap at 9437215 (bg #288 + 31), csum 0x9e4aac5a
  Inode table at 9444896-9445407 (bg #288 + 7712)
  32768 free blocks, 6238 free inodes, 1954 directories, 4308 unused inodes
--
Group 304: (Blocks 9961472-9994239) csum 0x9369 [ITABLE_ZEROED]
  Block bitmap at 9961472 (+0), csum 0x54ac863a
  Inode bitmap at 9961488 (+16), csum 0x328563c3
  Inode table at 9961504-9962015 (+32)
  15090 free blocks, 5018 free inodes, 3174 directories
--
Group 305: (Blocks 9994240-10027007) csum 0xba17 [ITABLE_ZEROED]
  Block bitmap at 9961473 (bg #304 + 1), csum 0x27d739cf
  Inode bitmap at 9961489 (bg #304 + 17), csum 0x503f89bb
  Inode table at 9962016-9962527 (bg #304 + 544)
  17256 free blocks, 4973 free inodes, 3219 directories
--
Group 306: (Blocks 10027008-10059775) csum 0x1bc2 [ITABLE_ZEROED]
  Block bitmap at 9961474 (bg #304 + 2), csum 0xc4c3b57d
  Inode bitmap at 9961490 (bg #304 + 18), csum 0xfb90dc0d
  Inode table at 9962528-9963039 (bg #304 + 1056)
  16372 free blocks, 5119 free inodes, 3073 directories
--
Group 307: (Blocks 10059776-10092543) csum 0xe2d2 [ITABLE_ZEROED]
  Block bitmap at 9961475 (bg #304 + 3), csum 0x9a95bacd
  Inode bitmap at 9961491 (bg #304 + 19), csum 0x304281e9
  Inode table at 9963040-9963551 (bg #304 + 1568)
  16414 free blocks, 4941 free inodes, 3251 directories
--
Group 308: (Blocks 10092544-10125311) csum 0x36d9 [ITABLE_ZEROED]
  Block bitmap at 9961476 (bg #304 + 4), csum 0x238a14ee
  Inode bitmap at 9961492 (bg #304 + 20), csum 0x22734368
  Inode table at 9963552-9964063 (bg #304 + 2080)
  30776 free blocks, 4113 free inodes, 4079 directories
--
Group 309: (Blocks 10125312-10158079) csum 0xacd9 [ITABLE_ZEROED]
  Block bitmap at 9961477 (bg #304 + 5), csum 0x6a7c1a59
  Inode bitmap at 9961493 (bg #304 + 21), csum 0xb7342aaf
  Inode table at 9964064-9964575 (bg #304 + 2592)
  32768 free blocks, 4048 free inodes, 4144 directories
--
Group 310: (Blocks 10158080-10190847) csum 0x27dd [ITABLE_ZEROED]
  Block bitmap at 9961478 (bg #304 + 6), csum 0x6a7c1a59
  Inode bitmap at 9961494 (bg #304 + 22), csum 0x98b26ec0
  Inode table at 9964576-9965087 (bg #304 + 3104)
  32768 free blocks, 4150 free inodes, 4042 directories
--
Group 311: (Blocks 10190848-10223615) csum 0x9107 [ITABLE_ZEROED]
  Block bitmap at 9961479 (bg #304 + 7), csum 0x6a7c1a59
  Inode bitmap at 9961495 (bg #304 + 23), csum 0x9385d83b
  Inode table at 9965088-9965599 (bg #304 + 3616)
  32768 free blocks, 4062 free inodes, 4130 directories
--
Group 312: (Blocks 10223616-10256383) csum 0x3e01 [ITABLE_ZEROED]
  Block bitmap at 9961480 (bg #304 + 8), csum 0x6a7c1a59
  Inode bitmap at 9961496 (bg #304 + 24), csum 0xbb6a89a3
  Inode table at 9965600-9966111 (bg #304 + 4128)
  32768 free blocks, 4227 free inodes, 3965 directories
--
Group 313: (Blocks 10256384-10289151) csum 0x3add [ITABLE_ZEROED]
  Block bitmap at 9961481 (bg #304 + 9), csum 0x6a7c1a59
  Inode bitmap at 9961497 (bg #304 + 25), csum 0x9e0db845
  Inode table at 9966112-9966623 (bg #304 + 4640)
  32768 free blocks, 4039 free inodes, 4153 directories
--
Group 314: (Blocks 10289152-10321919) csum 0x1fb4 [ITABLE_ZEROED]
  Block bitmap at 9961482 (bg #304 + 10), csum 0x6a7c1a59
  Inode bitmap at 9961498 (bg #304 + 26), csum 0x6c09dd0a
  Inode table at 9966624-9967135 (bg #304 + 5152)
  32768 free blocks, 4040 free inodes, 4152 directories
--
Group 315: (Blocks 10321920-10354687) csum 0xe1c5 [ITABLE_ZEROED]
  Block bitmap at 9961483 (bg #304 + 11), csum 0x6a7c1a59
  Inode bitmap at 9961499 (bg #304 + 27), csum 0xb38b4662
  Inode table at 9967136-9967647 (bg #304 + 5664)
  32768 free blocks, 4161 free inodes, 4031 directories
--
Group 316: (Blocks 10354688-10387455) csum 0x8014 [ITABLE_ZEROED]
  Block bitmap at 9961484 (bg #304 + 12), csum 0x6a7c1a59
  Inode bitmap at 9961500 (bg #304 + 28), csum 0xb8794d0c
  Inode table at 9967648-9968159 (bg #304 + 6176)
  32768 free blocks, 4113 free inodes, 4079 directories
--
Group 317: (Blocks 10387456-10420223) csum 0x068d [ITABLE_ZEROED]
  Block bitmap at 9961485 (bg #304 + 13), csum 0x6a7c1a59
  Inode bitmap at 9961501 (bg #304 + 29), csum 0x73588f94
  Inode table at 9968160-9968671 (bg #304 + 6688)
  32768 free blocks, 4096 free inodes, 4096 directories
--
Group 318: (Blocks 10420224-10452991) csum 0x1be5 [ITABLE_ZEROED]
  Block bitmap at 9961486 (bg #304 + 14), csum 0x6a7c1a59
  Inode bitmap at 9961502 (bg #304 + 30), csum 0x7dea5a4e
  Inode table at 9968672-9969183 (bg #304 + 7200)
  32768 free blocks, 4047 free inodes, 4145 directories
--
Group 319: (Blocks 10452992-10485759) csum 0x2fbc [ITABLE_ZEROED]
  Block bitmap at 9961487 (bg #304 + 15), csum 0x6a7c1a59
  Inode bitmap at 9961503 (bg #304 + 31), csum 0x0fcbd4dd
  Inode table at 9969184-9969695 (bg #304 + 7712)
  32768 free blocks, 6217 free inodes, 1975 directories, 4308 unused inodes
--
Group 320: (Blocks 10485760-10518527) csum 0x4a9e [ITABLE_ZEROED]
  Block bitmap at 10485760 (+0), csum 0x91049835
  Inode bitmap at 10485776 (+16), csum 0x4b9ffba2
  Inode table at 10485792-10486303 (+32)
  14827 free blocks, 4924 free inodes, 3268 directories
--
Group 321: (Blocks 10518528-10551295) csum 0x389c [ITABLE_ZEROED]
  Block bitmap at 10485761 (bg #320 + 1), csum 0xe6ce3fe7
  Inode bitmap at 10485777 (bg #320 + 17), csum 0xca956108
  Inode table at 10486304-10486815 (bg #320 + 544)
  17150 free blocks, 4996 free inodes, 3196 directories
--
Group 322: (Blocks 10551296-10584063) csum 0xfebc [ITABLE_ZEROED]
  Block bitmap at 10485762 (bg #320 + 2), csum 0x037ff062
  Inode bitmap at 10485778 (bg #320 + 18), csum 0x406da2d0
  Inode table at 10486816-10487327 (bg #320 + 1056)
  16434 free blocks, 4930 free inodes, 3262 directories
--
Group 323: (Blocks 10584064-10616831) csum 0xabd2 [ITABLE_ZEROED]
  Block bitmap at 10485763 (bg #320 + 3), csum 0xd44da457
  Inode bitmap at 10485779 (bg #320 + 19), csum 0xc3e1676e
  Inode table at 10487328-10487839 (bg #320 + 1568)
  16202 free blocks, 4924 free inodes, 3268 directories
--
Group 324: (Blocks 10616832-10649599) csum 0xd227 [ITABLE_ZEROED]
  Block bitmap at 10485764 (bg #320 + 4), csum 0x1114c1f6
  Inode bitmap at 10485780 (bg #320 + 20), csum 0x37f657f2
  Inode table at 10487840-10488351 (bg #320 + 2080)
  30829 free blocks, 4083 free inodes, 4109 directories
--
Group 325: (Blocks 10649600-10682367) csum 0xd8f5 [ITABLE_ZEROED]
  Block bitmap at 10485765 (bg #320 + 5), csum 0x6a7c1a59
  Inode bitmap at 10485781 (bg #320 + 21), csum 0x17bd393a
  Inode table at 10488352-10488863 (bg #320 + 2592)
  32768 free blocks, 4072 free inodes, 4120 directories
--
Group 326: (Blocks 10682368-10715135) csum 0x3c5e [ITABLE_ZEROED]
  Block bitmap at 10485766 (bg #320 + 6), csum 0x6a7c1a59
  Inode bitmap at 10485782 (bg #320 + 22), csum 0x864d4674
  Inode table at 10488864-10489375 (bg #320 + 3104)
  32768 free blocks, 4064 free inodes, 4128 directories
--
Group 327: (Blocks 10715136-10747903) csum 0xd3b5 [ITABLE_ZEROED]
  Block bitmap at 10485767 (bg #320 + 7), csum 0x6a7c1a59
  Inode bitmap at 10485783 (bg #320 + 23), csum 0x4e64d370
  Inode table at 10489376-10489887 (bg #320 + 3616)
  32768 free blocks, 4151 free inodes, 4041 directories
--
Group 328: (Blocks 10747904-10780671) csum 0x9477 [ITABLE_ZEROED]
  Block bitmap at 10485768 (bg #320 + 8), csum 0x6a7c1a59
  Inode bitmap at 10485784 (bg #320 + 24), csum 0xe16ba712
  Inode table at 10489888-10490399 (bg #320 + 4128)
  32768 free blocks, 4154 free inodes, 4038 directories
--
Group 329: (Blocks 10780672-10813439) csum 0x3e23 [ITABLE_ZEROED]
  Block bitmap at 10485769 (bg #320 + 9), csum 0x6a7c1a59
  Inode bitmap at 10485785 (bg #320 + 25), csum 0x999f05e1
  Inode table at 10490400-10490911 (bg #320 + 4640)
  32768 free blocks, 4120 free inodes, 4072 directories
--
Group 330: (Blocks 10813440-10846207) csum 0xc4a2 [ITABLE_ZEROED]
  Block bitmap at 10485770 (bg #320 + 10), csum 0x6a7c1a59
  Inode bitmap at 10485786 (bg #320 + 26), csum 0x7cee31b4
  Inode table at 10490912-10491423 (bg #320 + 5152)
  32768 free blocks, 4016 free inodes, 4176 directories
--
Group 331: (Blocks 10846208-10878975) csum 0x19db [ITABLE_ZEROED]
  Block bitmap at 10485771 (bg #320 + 11), csum 0x6a7c1a59
  Inode bitmap at 10485787 (bg #320 + 27), csum 0x908aebd4
  Inode table at 10491424-10491935 (bg #320 + 5664)
  32768 free blocks, 3957 free inodes, 4235 directories
--
Group 332: (Blocks 10878976-10911743) csum 0x7185 [ITABLE_ZEROED]
  Block bitmap at 10485772 (bg #320 + 12), csum 0x6a7c1a59
  Inode bitmap at 10485788 (bg #320 + 28), csum 0x457f60b9
  Inode table at 10491936-10492447 (bg #320 + 6176)
  32768 free blocks, 4007 free inodes, 4185 directories
--
Group 333: (Blocks 10911744-10944511) csum 0x824b [ITABLE_ZEROED]
  Block bitmap at 10485773 (bg #320 + 13), csum 0x6a7c1a59
  Inode bitmap at 10485789 (bg #320 + 29), csum 0xff6b40d6
  Inode table at 10492448-10492959 (bg #320 + 6688)
  32768 free blocks, 4097 free inodes, 4095 directories
--
Group 334: (Blocks 10944512-10977279) csum 0x3442 [ITABLE_ZEROED]
  Block bitmap at 10485774 (bg #320 + 14), csum 0x6a7c1a59
  Inode bitmap at 10485790 (bg #320 + 30), csum 0x4ee86330
  Inode table at 10492960-10493471 (bg #320 + 7200)
  32768 free blocks, 4132 free inodes, 4060 directories
--
Group 335: (Blocks 10977280-11010047) csum 0xd25b [ITABLE_ZEROED]
  Block bitmap at 10485775 (bg #320 + 15), csum 0x6a7c1a59
  Inode bitmap at 10485791 (bg #320 + 31), csum 0x3b2aa4ac
  Inode table at 10493472-10493983 (bg #320 + 7712)
  32768 free blocks, 6271 free inodes, 1921 directories, 4308 unused inodes
--
Group 336: (Blocks 11010048-11042815) csum 0x87f0 [ITABLE_ZEROED]
  Block bitmap at 11010048 (+0), csum 0x31d8a7f1
  Inode bitmap at 11010064 (+16), csum 0x5c311360
  Inode table at 11010080-11010591 (+32)
  14607 free blocks, 4864 free inodes, 3328 directories
--
Group 337: (Blocks 11042816-11075583) csum 0xf0af [ITABLE_ZEROED]
  Block bitmap at 11010049 (bg #336 + 1), csum 0x793fb7f0
  Inode bitmap at 11010065 (bg #336 + 17), csum 0x772082a4
  Inode table at 11010592-11011103 (bg #336 + 544)
  17125 free blocks, 4912 free inodes, 3280 directories
--
Group 338: (Blocks 11075584-11108351) csum 0xb169 [ITABLE_ZEROED]
  Block bitmap at 11010050 (bg #336 + 2), csum 0xc4165981
  Inode bitmap at 11010066 (bg #336 + 18), csum 0x475bd014
  Inode table at 11011104-11011615 (bg #336 + 1056)
  16462 free blocks, 4852 free inodes, 3340 directories
--
Group 339: (Blocks 11108352-11141119) csum 0xfb54 [ITABLE_ZEROED]
  Block bitmap at 11010051 (bg #336 + 3), csum 0x5cf3ab65
  Inode bitmap at 11010067 (bg #336 + 19), csum 0x627350fe
  Inode table at 11011616-11012127 (bg #336 + 1568)
  16513 free blocks, 4861 free inodes, 3331 directories
--
Group 340: (Blocks 11141120-11173887) csum 0x47b0 [ITABLE_ZEROED]
  Block bitmap at 11010052 (bg #336 + 4), csum 0x23efc76c
  Inode bitmap at 11010068 (bg #336 + 20), csum 0x2e35b9d8
  Inode table at 11012128-11012639 (bg #336 + 2080)
  30775 free blocks, 4075 free inodes, 4117 directories
--
Group 341: (Blocks 11173888-11206655) csum 0x1e3d [ITABLE_ZEROED]
  Block bitmap at 11010053 (bg #336 + 5), csum 0x6a7c1a59
  Inode bitmap at 11010069 (bg #336 + 21), csum 0x7ae2fc30
  Inode table at 11012640-11013151 (bg #336 + 2592)
  32768 free blocks, 4093 free inodes, 4099 directories
--
Group 342: (Blocks 11206656-11239423) csum 0x3895 [ITABLE_ZEROED]
  Block bitmap at 11010054 (bg #336 + 6), csum 0x6a7c1a59
  Inode bitmap at 11010070 (bg #336 + 22), csum 0x0148ac41
  Inode table at 11013152-11013663 (bg #336 + 3104)
  32768 free blocks, 4093 free inodes, 4099 directories
--
Group 343: (Blocks 11239424-11272191) csum 0x2f85 [ITABLE_ZEROED]
  Backup superblock at 11239424, Group descriptors at 11239425-11239440
  Reserved GDT blocks at 11239441-11240464
  Block bitmap at 11010055 (bg #336 + 7), csum 0x9ed2ca24
  Inode bitmap at 11010071 (bg #336 + 23), csum 0x22150149
  Inode table at 11013664-11014175 (bg #336 + 3616)
--
Group 344: (Blocks 11272192-11304959) csum 0xcda5 [ITABLE_ZEROED]
  Block bitmap at 11010056 (bg #336 + 8), csum 0x6a7c1a59
